<?xml version="1.0" encoding="ISO-8859-1" ?>
<link_info>
   <banner>TI ARM Linker Unix v18.12.2.LTS</banner>
   <copyright>Copyright (c) 1996-2018 Texas Instruments Incorporated</copyright>
   <link_time>0x5d29c237</link_time>
   <link_errors>0x0</link_errors>
   <output_file>RSLK-Triangulation.out</output_file>
   <entry_point>
      <name>_c_int00_noargs</name>
      <address>0x4a39</address>
   </entry_point>
   <input_file_list>
      <input_file id="fl-2">
         <path>./</path>
         <kind>object</kind>
         <file>main.obj</file>
         <name>main.obj</name>
      </input_file>
      <input_file id="fl-3">
         <path>./</path>
         <kind>object</kind>
         <file>startup_msp432p401r_ccs.obj</file>
         <name>startup_msp432p401r_ccs.obj</name>
      </input_file>
      <input_file id="fl-4">
         <path>./</path>
         <kind>object</kind>
         <file>system_msp432p401r.obj</file>
         <name>system_msp432p401r.obj</name>
      </input_file>
      <input_file id="fl-5">
         <path>./inc/</path>
         <kind>object</kind>
         <file>Clock.obj</file>
         <name>Clock.obj</name>
      </input_file>
      <input_file id="fl-6">
         <path>./inc/</path>
         <kind>object</kind>
         <file>CortexM.obj</file>
         <name>CortexM.obj</name>
      </input_file>
      <input_file id="fl-7">
         <path>./inc/</path>
         <kind>object</kind>
         <file>EUSCIA0.obj</file>
         <name>EUSCIA0.obj</name>
      </input_file>
      <input_file id="fl-8">
         <path>./inc/</path>
         <kind>object</kind>
         <file>Encoder.obj</file>
         <name>Encoder.obj</name>
      </input_file>
      <input_file id="fl-9">
         <path>./inc/</path>
         <kind>object</kind>
         <file>FIFO0.obj</file>
         <name>FIFO0.obj</name>
      </input_file>
      <input_file id="fl-a">
         <path>./inc/</path>
         <kind>object</kind>
         <file>FIFO2.obj</file>
         <name>FIFO2.obj</name>
      </input_file>
      <input_file id="fl-b">
         <path>./inc/</path>
         <kind>object</kind>
         <file>Motor.obj</file>
         <name>Motor.obj</name>
      </input_file>
      <input_file id="fl-c">
         <path>./inc/</path>
         <kind>object</kind>
         <file>PWM.obj</file>
         <name>PWM.obj</name>
      </input_file>
      <input_file id="fl-d">
         <path>./inc/</path>
         <kind>object</kind>
         <file>TA0InputCapture.obj</file>
         <name>TA0InputCapture.obj</name>
      </input_file>
      <input_file id="fl-e">
         <path>./inc/</path>
         <kind>object</kind>
         <file>TA2InputCapture.obj</file>
         <name>TA2InputCapture.obj</name>
      </input_file>
      <input_file id="fl-f">
         <path>./inc/</path>
         <kind>object</kind>
         <file>TA3InputCapture.obj</file>
         <name>TA3InputCapture.obj</name>
      </input_file>
      <input_file id="fl-10">
         <path>./inc/</path>
         <kind>object</kind>
         <file>Tachometer.obj</file>
         <name>Tachometer.obj</name>
      </input_file>
      <input_file id="fl-11">
         <path>./inc/</path>
         <kind>object</kind>
         <file>TimerA0.obj</file>
         <name>TimerA0.obj</name>
      </input_file>
      <input_file id="fl-12">
         <path>./inc/</path>
         <kind>object</kind>
         <file>TimerA1.obj</file>
         <name>TimerA1.obj</name>
      </input_file>
      <input_file id="fl-13">
         <path>./inc/</path>
         <kind>object</kind>
         <file>TimerA2.obj</file>
         <name>TimerA2.obj</name>
      </input_file>
      <input_file id="fl-14">
         <path>./inc/</path>
         <kind>object</kind>
         <file>UART0.obj</file>
         <name>UART0.obj</name>
      </input_file>
      <input_file id="fl-15">
         <path>./inc/</path>
         <kind>object</kind>
         <file>UART1.obj</file>
         <name>UART1.obj</name>
      </input_file>
      <input_file id="fl-16">
         <path>./inc/</path>
         <kind>object</kind>
         <file>Zigbee.obj</file>
         <name>Zigbee.obj</name>
      </input_file>
      <input_file id="fl-1a">
         <kind>object</kind>
         <file>&lt;internal&gt;</file>
         <name>&lt;internal&gt;</name>
      </input_file>
      <input_file id="fl-d0">
         <path>/home/simha/ti/ccs901/ccs/tools/compiler/ti-cgt-arm_18.12.2.LTS/lib/</path>
         <kind>archive</kind>
         <file>rtsv7M4_T_le_v4SPD16_eabi.lib</file>
         <name>fopen.c.obj</name>
      </input_file>
      <input_file id="fl-d1">
         <path>/home/simha/ti/ccs901/ccs/tools/compiler/ti-cgt-arm_18.12.2.LTS/lib/</path>
         <kind>archive</kind>
         <file>rtsv7M4_T_le_v4SPD16_eabi.lib</file>
         <name>setvbuf.c.obj</name>
      </input_file>
      <input_file id="fl-d2">
         <path>/home/simha/ti/ccs901/ccs/tools/compiler/ti-cgt-arm_18.12.2.LTS/lib/</path>
         <kind>archive</kind>
         <file>rtsv7M4_T_le_v4SPD16_eabi.lib</file>
         <name>e_pow.c.obj</name>
      </input_file>
      <input_file id="fl-d3">
         <path>/home/simha/ti/ccs901/ccs/tools/compiler/ti-cgt-arm_18.12.2.LTS/lib/</path>
         <kind>archive</kind>
         <file>rtsv7M4_T_le_v4SPD16_eabi.lib</file>
         <name>e_sqrt.c.obj</name>
      </input_file>
      <input_file id="fl-d4">
         <path>/home/simha/ti/ccs901/ccs/tools/compiler/ti-cgt-arm_18.12.2.LTS/lib/</path>
         <kind>archive</kind>
         <file>rtsv7M4_T_le_v4SPD16_eabi.lib</file>
         <name>s_scalbn.c.obj</name>
      </input_file>
      <input_file id="fl-d5">
         <path>/home/simha/ti/ccs901/ccs/tools/compiler/ti-cgt-arm_18.12.2.LTS/lib/</path>
         <kind>archive</kind>
         <file>rtsv7M4_T_le_v4SPD16_eabi.lib</file>
         <name>memset_t2.asm.obj</name>
      </input_file>
      <input_file id="fl-d6">
         <path>/home/simha/ti/ccs901/ccs/tools/compiler/ti-cgt-arm_18.12.2.LTS/lib/</path>
         <kind>archive</kind>
         <file>rtsv7M4_T_le_v4SPD16_eabi.lib</file>
         <name>fd_add_t2.asm.obj</name>
      </input_file>
      <input_file id="fl-d7">
         <path>/home/simha/ti/ccs901/ccs/tools/compiler/ti-cgt-arm_18.12.2.LTS/lib/</path>
         <kind>archive</kind>
         <file>rtsv7M4_T_le_v4SPD16_eabi.lib</file>
         <name>fd_cmp_t2.asm.obj</name>
      </input_file>
      <input_file id="fl-d8">
         <path>/home/simha/ti/ccs901/ccs/tools/compiler/ti-cgt-arm_18.12.2.LTS/lib/</path>
         <kind>archive</kind>
         <file>rtsv7M4_T_le_v4SPD16_eabi.lib</file>
         <name>fd_div_t2.asm.obj</name>
      </input_file>
      <input_file id="fl-d9">
         <path>/home/simha/ti/ccs901/ccs/tools/compiler/ti-cgt-arm_18.12.2.LTS/lib/</path>
         <kind>archive</kind>
         <file>rtsv7M4_T_le_v4SPD16_eabi.lib</file>
         <name>fd_mul_t2.asm.obj</name>
      </input_file>
      <input_file id="fl-da">
         <path>/home/simha/ti/ccs901/ccs/tools/compiler/ti-cgt-arm_18.12.2.LTS/lib/</path>
         <kind>archive</kind>
         <file>rtsv7M4_T_le_v4SPD16_eabi.lib</file>
         <name>fd_tos_t2.asm.obj</name>
      </input_file>
      <input_file id="fl-db">
         <path>/home/simha/ti/ccs901/ccs/tools/compiler/ti-cgt-arm_18.12.2.LTS/lib/</path>
         <kind>archive</kind>
         <file>rtsv7M4_T_le_v4SPD16_eabi.lib</file>
         <name>fs_tod_t2.asm.obj</name>
      </input_file>
      <input_file id="fl-dc">
         <path>/home/simha/ti/ccs901/ccs/tools/compiler/ti-cgt-arm_18.12.2.LTS/lib/</path>
         <kind>archive</kind>
         <file>rtsv7M4_T_le_v4SPD16_eabi.lib</file>
         <name>i_tofd_t2.asm.obj</name>
      </input_file>
      <input_file id="fl-dd">
         <path>/home/simha/ti/ccs901/ccs/tools/compiler/ti-cgt-arm_18.12.2.LTS/lib/</path>
         <kind>archive</kind>
         <file>rtsv7M4_T_le_v4SPD16_eabi.lib</file>
         <name>copy_zero_init.c.obj</name>
      </input_file>
      <input_file id="fl-de">
         <path>/home/simha/ti/ccs901/ccs/tools/compiler/ti-cgt-arm_18.12.2.LTS/lib/</path>
         <kind>archive</kind>
         <file>rtsv7M4_T_le_v4SPD16_eabi.lib</file>
         <name>copy_decompress_none.c.obj</name>
      </input_file>
      <input_file id="fl-df">
         <path>/home/simha/ti/ccs901/ccs/tools/compiler/ti-cgt-arm_18.12.2.LTS/lib/</path>
         <kind>archive</kind>
         <file>rtsv7M4_T_le_v4SPD16_eabi.lib</file>
         <name>copy_decompress_lzss.c.obj</name>
      </input_file>
      <input_file id="fl-e0">
         <path>/home/simha/ti/ccs901/ccs/tools/compiler/ti-cgt-arm_18.12.2.LTS/lib/</path>
         <kind>archive</kind>
         <file>rtsv7M4_T_le_v4SPD16_eabi.lib</file>
         <name>exit.c.obj</name>
      </input_file>
      <input_file id="fl-e1">
         <path>/home/simha/ti/ccs901/ccs/tools/compiler/ti-cgt-arm_18.12.2.LTS/lib/</path>
         <kind>archive</kind>
         <file>rtsv7M4_T_le_v4SPD16_eabi.lib</file>
         <name>_lock.c.obj</name>
      </input_file>
      <input_file id="fl-e2">
         <path>/home/simha/ti/ccs901/ccs/tools/compiler/ti-cgt-arm_18.12.2.LTS/lib/</path>
         <kind>archive</kind>
         <file>rtsv7M4_T_le_v4SPD16_eabi.lib</file>
         <name>defs.c.obj</name>
      </input_file>
      <input_file id="fl-e3">
         <path>/home/simha/ti/ccs901/ccs/tools/compiler/ti-cgt-arm_18.12.2.LTS/lib/</path>
         <kind>archive</kind>
         <file>rtsv7M4_T_le_v4SPD16_eabi.lib</file>
         <name>memory.c.obj</name>
      </input_file>
      <input_file id="fl-e4">
         <path>/home/simha/ti/ccs901/ccs/tools/compiler/ti-cgt-arm_18.12.2.LTS/lib/</path>
         <kind>archive</kind>
         <file>rtsv7M4_T_le_v4SPD16_eabi.lib</file>
         <name>open.c.obj</name>
      </input_file>
      <input_file id="fl-e5">
         <path>/home/simha/ti/ccs901/ccs/tools/compiler/ti-cgt-arm_18.12.2.LTS/lib/</path>
         <kind>archive</kind>
         <file>rtsv7M4_T_le_v4SPD16_eabi.lib</file>
         <name>add_device.c.obj</name>
      </input_file>
      <input_file id="fl-e6">
         <path>/home/simha/ti/ccs901/ccs/tools/compiler/ti-cgt-arm_18.12.2.LTS/lib/</path>
         <kind>archive</kind>
         <file>rtsv7M4_T_le_v4SPD16_eabi.lib</file>
         <name>boot_cortex_m.c.obj</name>
      </input_file>
      <input_file id="fl-e7">
         <path>/home/simha/ti/ccs901/ccs/tools/compiler/ti-cgt-arm_18.12.2.LTS/lib/</path>
         <kind>archive</kind>
         <file>rtsv7M4_T_le_v4SPD16_eabi.lib</file>
         <name>errno.c.obj</name>
      </input_file>
      <input_file id="fl-e8">
         <path>/home/simha/ti/ccs901/ccs/tools/compiler/ti-cgt-arm_18.12.2.LTS/lib/</path>
         <kind>archive</kind>
         <file>rtsv7M4_T_le_v4SPD16_eabi.lib</file>
         <name>s_copysign.c.obj</name>
      </input_file>
      <input_file id="fl-e9">
         <path>/home/simha/ti/ccs901/ccs/tools/compiler/ti-cgt-arm_18.12.2.LTS/lib/</path>
         <kind>archive</kind>
         <file>rtsv7M4_T_le_v4SPD16_eabi.lib</file>
         <name>fclose.c.obj</name>
      </input_file>
      <input_file id="fl-ea">
         <path>/home/simha/ti/ccs901/ccs/tools/compiler/ti-cgt-arm_18.12.2.LTS/lib/</path>
         <kind>archive</kind>
         <file>rtsv7M4_T_le_v4SPD16_eabi.lib</file>
         <name>fflush.c.obj</name>
      </input_file>
      <input_file id="fl-eb">
         <path>/home/simha/ti/ccs901/ccs/tools/compiler/ti-cgt-arm_18.12.2.LTS/lib/</path>
         <kind>archive</kind>
         <file>rtsv7M4_T_le_v4SPD16_eabi.lib</file>
         <name>getdevice.c.obj</name>
      </input_file>
      <input_file id="fl-ec">
         <path>/home/simha/ti/ccs901/ccs/tools/compiler/ti-cgt-arm_18.12.2.LTS/lib/</path>
         <kind>archive</kind>
         <file>rtsv7M4_T_le_v4SPD16_eabi.lib</file>
         <name>memcpy_t2.asm.obj</name>
      </input_file>
      <input_file id="fl-ed">
         <path>/home/simha/ti/ccs901/ccs/tools/compiler/ti-cgt-arm_18.12.2.LTS/lib/</path>
         <kind>archive</kind>
         <file>rtsv7M4_T_le_v4SPD16_eabi.lib</file>
         <name>autoinit.c.obj</name>
      </input_file>
      <input_file id="fl-ee">
         <path>/home/simha/ti/ccs901/ccs/tools/compiler/ti-cgt-arm_18.12.2.LTS/lib/</path>
         <kind>archive</kind>
         <file>rtsv7M4_T_le_v4SPD16_eabi.lib</file>
         <name>pre_init.c.obj</name>
      </input_file>
      <input_file id="fl-ef">
         <path>/home/simha/ti/ccs901/ccs/tools/compiler/ti-cgt-arm_18.12.2.LTS/lib/</path>
         <kind>archive</kind>
         <file>rtsv7M4_T_le_v4SPD16_eabi.lib</file>
         <name>cpy_tbl.c.obj</name>
      </input_file>
      <input_file id="fl-f0">
         <path>/home/simha/ti/ccs901/ccs/tools/compiler/ti-cgt-arm_18.12.2.LTS/lib/</path>
         <kind>archive</kind>
         <file>rtsv7M4_T_le_v4SPD16_eabi.lib</file>
         <name>args_main.c.obj</name>
      </input_file>
      <input_file id="fl-f1">
         <path>/home/simha/ti/ccs901/ccs/tools/compiler/ti-cgt-arm_18.12.2.LTS/lib/</path>
         <kind>archive</kind>
         <file>rtsv7M4_T_le_v4SPD16_eabi.lib</file>
         <name>strchr.c.obj</name>
      </input_file>
      <input_file id="fl-f2">
         <path>/home/simha/ti/ccs901/ccs/tools/compiler/ti-cgt-arm_18.12.2.LTS/lib/</path>
         <kind>archive</kind>
         <file>rtsv7M4_T_le_v4SPD16_eabi.lib</file>
         <name>strcmp.c.obj</name>
      </input_file>
      <input_file id="fl-f3">
         <path>/home/simha/ti/ccs901/ccs/tools/compiler/ti-cgt-arm_18.12.2.LTS/lib/</path>
         <kind>archive</kind>
         <file>rtsv7M4_T_le_v4SPD16_eabi.lib</file>
         <name>strncpy.c.obj</name>
      </input_file>
      <input_file id="fl-f4">
         <path>/home/simha/ti/ccs901/ccs/tools/compiler/ti-cgt-arm_18.12.2.LTS/lib/</path>
         <kind>archive</kind>
         <file>rtsv7M4_T_le_v4SPD16_eabi.lib</file>
         <name>write.c.obj</name>
      </input_file>
      <input_file id="fl-f5">
         <path>/home/simha/ti/ccs901/ccs/tools/compiler/ti-cgt-arm_18.12.2.LTS/lib/</path>
         <kind>archive</kind>
         <file>rtsv7M4_T_le_v4SPD16_eabi.lib</file>
         <name>host_device.c.obj</name>
      </input_file>
      <input_file id="fl-f6">
         <path>/home/simha/ti/ccs901/ccs/tools/compiler/ti-cgt-arm_18.12.2.LTS/lib/</path>
         <kind>archive</kind>
         <file>rtsv7M4_T_le_v4SPD16_eabi.lib</file>
         <name>remove.c.obj</name>
      </input_file>
      <input_file id="fl-f7">
         <path>/home/simha/ti/ccs901/ccs/tools/compiler/ti-cgt-arm_18.12.2.LTS/lib/</path>
         <kind>archive</kind>
         <file>rtsv7M4_T_le_v4SPD16_eabi.lib</file>
         <name>close.c.obj</name>
      </input_file>
      <input_file id="fl-f8">
         <path>/home/simha/ti/ccs901/ccs/tools/compiler/ti-cgt-arm_18.12.2.LTS/lib/</path>
         <kind>archive</kind>
         <file>rtsv7M4_T_le_v4SPD16_eabi.lib</file>
         <name>unlink.c.obj</name>
      </input_file>
      <input_file id="fl-f9">
         <path>/home/simha/ti/ccs901/ccs/tools/compiler/ti-cgt-arm_18.12.2.LTS/lib/</path>
         <kind>archive</kind>
         <file>rtsv7M4_T_le_v4SPD16_eabi.lib</file>
         <name>hostclose.c.obj</name>
      </input_file>
      <input_file id="fl-fa">
         <path>/home/simha/ti/ccs901/ccs/tools/compiler/ti-cgt-arm_18.12.2.LTS/lib/</path>
         <kind>archive</kind>
         <file>rtsv7M4_T_le_v4SPD16_eabi.lib</file>
         <name>hostlseek.c.obj</name>
      </input_file>
      <input_file id="fl-fb">
         <path>/home/simha/ti/ccs901/ccs/tools/compiler/ti-cgt-arm_18.12.2.LTS/lib/</path>
         <kind>archive</kind>
         <file>rtsv7M4_T_le_v4SPD16_eabi.lib</file>
         <name>hostopen.c.obj</name>
      </input_file>
      <input_file id="fl-fc">
         <path>/home/simha/ti/ccs901/ccs/tools/compiler/ti-cgt-arm_18.12.2.LTS/lib/</path>
         <kind>archive</kind>
         <file>rtsv7M4_T_le_v4SPD16_eabi.lib</file>
         <name>hostread.c.obj</name>
      </input_file>
      <input_file id="fl-fd">
         <path>/home/simha/ti/ccs901/ccs/tools/compiler/ti-cgt-arm_18.12.2.LTS/lib/</path>
         <kind>archive</kind>
         <file>rtsv7M4_T_le_v4SPD16_eabi.lib</file>
         <name>hostrename.c.obj</name>
      </input_file>
      <input_file id="fl-fe">
         <path>/home/simha/ti/ccs901/ccs/tools/compiler/ti-cgt-arm_18.12.2.LTS/lib/</path>
         <kind>archive</kind>
         <file>rtsv7M4_T_le_v4SPD16_eabi.lib</file>
         <name>hostunlink.c.obj</name>
      </input_file>
      <input_file id="fl-ff">
         <path>/home/simha/ti/ccs901/ccs/tools/compiler/ti-cgt-arm_18.12.2.LTS/lib/</path>
         <kind>archive</kind>
         <file>rtsv7M4_T_le_v4SPD16_eabi.lib</file>
         <name>hostwrite.c.obj</name>
      </input_file>
      <input_file id="fl-100">
         <path>/home/simha/ti/ccs901/ccs/tools/compiler/ti-cgt-arm_18.12.2.LTS/lib/</path>
         <kind>archive</kind>
         <file>rtsv7M4_T_le_v4SPD16_eabi.lib</file>
         <name>trgmsg.c.obj</name>
      </input_file>
      <input_file id="fl-101">
         <path>/home/simha/ti/ccs901/ccs/tools/compiler/ti-cgt-arm_18.12.2.LTS/lib/</path>
         <kind>archive</kind>
         <file>rtsv7M4_T_le_v4SPD16_eabi.lib</file>
         <name>strcpy.c.obj</name>
      </input_file>
      <input_file id="fl-102">
         <path>/home/simha/ti/ccs901/ccs/tools/compiler/ti-cgt-arm_18.12.2.LTS/lib/</path>
         <kind>archive</kind>
         <file>rtsv7M4_T_le_v4SPD16_eabi.lib</file>
         <name>strlen.c.obj</name>
      </input_file>
   </input_file_list>
   <object_component_list>
      <object_component id="oc-23">
         <name>.intvecs:retain</name>
         <load_address>0x0</load_address>
         <run_address>0x0</run_address>
         <size>0xe4</size>
         <input_file_ref idref="fl-3"/>
      </object_component>
      <object_component id="oc-14d">
         <name>.text</name>
         <load_address>0xe4</load_address>
         <run_address>0xe4</run_address>
         <size>0xbdc</size>
         <input_file_ref idref="fl-16"/>
      </object_component>
      <object_component id="oc-20d">
         <name>.text:pow</name>
         <load_address>0xcc0</load_address>
         <run_address>0xcc0</run_address>
         <size>0x9c0</size>
         <input_file_ref idref="fl-d2"/>
      </object_component>
      <object_component id="oc-13b">
         <name>.text</name>
         <load_address>0x1680</load_address>
         <run_address>0x1680</run_address>
         <size>0x6bc</size>
         <input_file_ref idref="fl-14"/>
      </object_component>
      <object_component id="oc-8b">
         <name>.text</name>
         <load_address>0x1d3c</load_address>
         <run_address>0x1d3c</run_address>
         <size>0x5b6</size>
         <input_file_ref idref="fl-7"/>
      </object_component>
      <object_component id="oc-2db">
         <name>.text:_nop</name>
         <load_address>0x22f2</load_address>
         <run_address>0x22f2</run_address>
         <size>0x2</size>
         <input_file_ref idref="fl-e1"/>
      </object_component>
      <object_component id="oc-147">
         <name>.text</name>
         <load_address>0x22f4</load_address>
         <run_address>0x22f4</run_address>
         <size>0x3b0</size>
         <input_file_ref idref="fl-b"/>
      </object_component>
      <object_component id="oc-d9">
         <name>.text</name>
         <load_address>0x26a4</load_address>
         <run_address>0x26a4</run_address>
         <size>0x334</size>
         <input_file_ref idref="fl-4"/>
      </object_component>
      <object_component id="oc-c7">
         <name>.text</name>
         <load_address>0x29d8</load_address>
         <run_address>0x29d8</run_address>
         <size>0x200</size>
         <input_file_ref idref="fl-2"/>
      </object_component>
      <object_component id="oc-141">
         <name>.text</name>
         <load_address>0x2bd8</load_address>
         <run_address>0x2bd8</run_address>
         <size>0x1e0</size>
         <input_file_ref idref="fl-5"/>
      </object_component>
      <object_component id="oc-97">
         <name>.text</name>
         <load_address>0x2db8</load_address>
         <run_address>0x2db8</run_address>
         <size>0x1bc</size>
         <input_file_ref idref="fl-8"/>
      </object_component>
      <object_component id="oc-228">
         <name>.text</name>
         <load_address>0x2f74</load_address>
         <run_address>0x2f74</run_address>
         <size>0x1b6</size>
         <input_file_ref idref="fl-d6"/>
      </object_component>
      <object_component id="oc-91">
         <name>.text</name>
         <load_address>0x312c</load_address>
         <run_address>0x312c</run_address>
         <size>0x1a4</size>
         <input_file_ref idref="fl-15"/>
      </object_component>
      <object_component id="oc-1fa">
         <name>.text</name>
         <load_address>0x32d0</load_address>
         <run_address>0x32d0</run_address>
         <size>0x180</size>
         <input_file_ref idref="fl-c"/>
      </object_component>
      <object_component id="oc-2a8">
         <name>.text:sqrt</name>
         <load_address>0x3450</load_address>
         <run_address>0x3450</run_address>
         <size>0x158</size>
         <input_file_ref idref="fl-d3"/>
      </object_component>
      <object_component id="oc-218">
         <name>.text</name>
         <load_address>0x35a8</load_address>
         <run_address>0x35a8</run_address>
         <size>0x136</size>
         <input_file_ref idref="fl-d8"/>
      </object_component>
      <object_component id="oc-2bc">
         <name>.text:scalbn</name>
         <load_address>0x36e0</load_address>
         <run_address>0x36e0</run_address>
         <size>0x110</size>
         <input_file_ref idref="fl-d4"/>
      </object_component>
      <object_component id="oc-274">
         <name>.text:_openfile</name>
         <load_address>0x37f0</load_address>
         <run_address>0x37f0</run_address>
         <size>0x10c</size>
         <input_file_ref idref="fl-d0"/>
      </object_component>
      <object_component id="oc-158">
         <name>.text</name>
         <load_address>0x38fc</load_address>
         <run_address>0x38fc</run_address>
         <size>0xfc</size>
         <input_file_ref idref="fl-d9"/>
      </object_component>
      <object_component id="oc-36f">
         <name>.text:aligned_alloc</name>
         <load_address>0x39f8</load_address>
         <run_address>0x39f8</run_address>
         <size>0xf4</size>
         <input_file_ref idref="fl-e3"/>
      </object_component>
      <object_component id="oc-287">
         <name>.text:free</name>
         <load_address>0x3aec</load_address>
         <run_address>0x3aec</run_address>
         <size>0xe8</size>
         <input_file_ref idref="fl-e3"/>
      </object_component>
      <object_component id="oc-1e7">
         <name>.text:setvbuf</name>
         <load_address>0x3bd4</load_address>
         <run_address>0x3bd4</run_address>
         <size>0xdc</size>
         <input_file_ref idref="fl-d1"/>
      </object_component>
      <object_component id="oc-7f">
         <name>.text</name>
         <load_address>0x3cb0</load_address>
         <run_address>0x3cb0</run_address>
         <size>0xd0</size>
         <input_file_ref idref="fl-e"/>
      </object_component>
      <object_component id="oc-33d">
         <name>.text:open</name>
         <load_address>0x3d80</load_address>
         <run_address>0x3d80</run_address>
         <size>0xbc</size>
         <input_file_ref idref="fl-e4"/>
      </object_component>
      <object_component id="oc-1d5">
         <name>.text:add_device</name>
         <load_address>0x3e3c</load_address>
         <run_address>0x3e3c</run_address>
         <size>0xb8</size>
         <input_file_ref idref="fl-e5"/>
      </object_component>
      <object_component id="oc-6d">
         <name>.text</name>
         <load_address>0x3ef4</load_address>
         <run_address>0x3ef4</run_address>
         <size>0xac</size>
         <input_file_ref idref="fl-11"/>
      </object_component>
      <object_component id="oc-79">
         <name>.text</name>
         <load_address>0x3fa0</load_address>
         <run_address>0x3fa0</run_address>
         <size>0xa8</size>
         <input_file_ref idref="fl-13"/>
      </object_component>
      <object_component id="oc-1db">
         <name>.text:fopen</name>
         <load_address>0x4048</load_address>
         <run_address>0x4048</run_address>
         <size>0x9c</size>
         <input_file_ref idref="fl-d0"/>
      </object_component>
      <object_component id="oc-37">
         <name>.text</name>
         <load_address>0x40e4</load_address>
         <run_address>0x40e4</run_address>
         <size>0x9c</size>
         <input_file_ref idref="fl-ec"/>
      </object_component>
      <object_component id="oc-223">
         <name>.text:__aeabi_cdcmple</name>
         <load_address>0x4180</load_address>
         <run_address>0x4180</run_address>
         <size>0x86</size>
         <input_file_ref idref="fl-d7"/>
      </object_component>
      <object_component id="oc-2b7">
         <name>.text:__aeabi_cdrcmple</name>
         <load_address>0x4206</load_address>
         <run_address>0x4206</run_address>
         <size>0x86</size>
         <input_file_ref idref="fl-d7"/>
      </object_component>
      <object_component id="oc-3fe">
         <name>.text:split</name>
         <load_address>0x428c</load_address>
         <run_address>0x428c</run_address>
         <size>0x7c</size>
         <input_file_ref idref="fl-e3"/>
      </object_component>
      <object_component id="oc-bb">
         <name>.text</name>
         <load_address>0x4308</load_address>
         <run_address>0x4308</run_address>
         <size>0x7a</size>
         <input_file_ref idref="fl-d5"/>
      </object_component>
      <object_component id="oc-fd">
         <name>.text</name>
         <load_address>0x4384</load_address>
         <run_address>0x4384</run_address>
         <size>0x78</size>
         <input_file_ref idref="fl-9"/>
      </object_component>
      <object_component id="oc-280">
         <name>.text:__TI_closefile</name>
         <load_address>0x43fc</load_address>
         <run_address>0x43fc</run_address>
         <size>0x74</size>
         <input_file_ref idref="fl-e9"/>
      </object_component>
      <object_component id="oc-15d">
         <name>.text</name>
         <load_address>0x4470</load_address>
         <run_address>0x4470</run_address>
         <size>0x6e</size>
         <input_file_ref idref="fl-da"/>
      </object_component>
      <object_component id="oc-31c">
         <name>.text:HOSTlseek</name>
         <load_address>0x44e0</load_address>
         <run_address>0x44e0</run_address>
         <size>0x68</size>
         <input_file_ref idref="fl-fa"/>
      </object_component>
      <object_component id="oc-328">
         <name>.text:HOSTrename</name>
         <load_address>0x4548</load_address>
         <run_address>0x4548</run_address>
         <size>0x68</size>
         <input_file_ref idref="fl-fd"/>
      </object_component>
      <object_component id="oc-14">
         <name>.text:decompress:lzss:__TI_decompress_lzss</name>
         <load_address>0x45b0</load_address>
         <run_address>0x45b0</run_address>
         <size>0x68</size>
         <input_file_ref idref="fl-df"/>
      </object_component>
      <object_component id="oc-304">
         <name>.text:HOSTopen</name>
         <load_address>0x4618</load_address>
         <run_address>0x4618</run_address>
         <size>0x60</size>
         <input_file_ref idref="fl-fb"/>
      </object_component>
      <object_component id="oc-353">
         <name>.text:close</name>
         <load_address>0x4678</load_address>
         <run_address>0x4678</run_address>
         <size>0x5c</size>
         <input_file_ref idref="fl-f7"/>
      </object_component>
      <object_component id="oc-310">
         <name>.text:HOSTread</name>
         <load_address>0x46d4</load_address>
         <run_address>0x46d4</run_address>
         <size>0x58</size>
         <input_file_ref idref="fl-fc"/>
      </object_component>
      <object_component id="oc-316">
         <name>.text:HOSTwrite</name>
         <load_address>0x472c</load_address>
         <run_address>0x472c</run_address>
         <size>0x58</size>
         <input_file_ref idref="fl-ff"/>
      </object_component>
      <object_component id="oc-34d">
         <name>.text:__TI_doflush</name>
         <load_address>0x4784</load_address>
         <run_address>0x4784</run_address>
         <size>0x4c</size>
         <input_file_ref idref="fl-ea"/>
      </object_component>
      <object_component id="oc-16d">
         <name>.text:exit</name>
         <load_address>0x47d0</load_address>
         <run_address>0x47d0</run_address>
         <size>0x48</size>
         <input_file_ref idref="fl-e0"/>
      </object_component>
      <object_component id="oc-30a">
         <name>.text:HOSTclose</name>
         <load_address>0x4818</load_address>
         <run_address>0x4818</run_address>
         <size>0x44</size>
         <input_file_ref idref="fl-f9"/>
      </object_component>
      <object_component id="oc-322">
         <name>.text:HOSTunlink</name>
         <load_address>0x485c</load_address>
         <run_address>0x485c</run_address>
         <size>0x44</size>
         <input_file_ref idref="fl-fe"/>
      </object_component>
      <object_component id="oc-173">
         <name>.text:__TI_auto_init_nobinit_nopinit:__TI_auto_init_nobinit_nopinit</name>
         <load_address>0x48a0</load_address>
         <run_address>0x48a0</run_address>
         <size>0x44</size>
         <input_file_ref idref="fl-ed"/>
      </object_component>
      <object_component id="oc-3df">
         <name>.text:getdevice</name>
         <load_address>0x48e4</load_address>
         <run_address>0x48e4</run_address>
         <size>0x44</size>
         <input_file_ref idref="fl-eb"/>
      </object_component>
      <object_component id="oc-3b6">
         <name>.text:__TI_writemsg</name>
         <load_address>0x4928</load_address>
         <run_address>0x4928</run_address>
         <size>0x38</size>
         <input_file_ref idref="fl-100"/>
      </object_component>
      <object_component id="oc-208">
         <name>.text</name>
         <load_address>0x4960</load_address>
         <run_address>0x4960</run_address>
         <size>0x38</size>
         <input_file_ref idref="fl-db"/>
      </object_component>
      <object_component id="oc-268">
         <name>.text:strncpy</name>
         <load_address>0x4998</load_address>
         <run_address>0x4998</run_address>
         <size>0x36</size>
         <input_file_ref idref="fl-f3"/>
      </object_component>
      <object_component id="oc-293">
         <name>.text:__TI_cleanup</name>
         <load_address>0x49d0</load_address>
         <run_address>0x49d0</run_address>
         <size>0x34</size>
         <input_file_ref idref="fl-d0"/>
      </object_component>
      <object_component id="oc-3bc">
         <name>.text:__TI_readmsg</name>
         <load_address>0x4a04</load_address>
         <run_address>0x4a04</run_address>
         <size>0x34</size>
         <input_file_ref idref="fl-100"/>
      </object_component>
      <object_component id="oc-55">
         <name>.text:_c_int00_noargs:_c_int00_noargs</name>
         <load_address>0x4a38</load_address>
         <run_address>0x4a38</run_address>
         <size>0x34</size>
         <input_file_ref idref="fl-e6"/>
      </object_component>
      <object_component id="oc-1e1">
         <name>.text:freopen</name>
         <load_address>0x4a6c</load_address>
         <run_address>0x4a6c</run_address>
         <size>0x34</size>
         <input_file_ref idref="fl-d0"/>
      </object_component>
      <object_component id="oc-262">
         <name>.text:finddevice</name>
         <load_address>0x4aa0</load_address>
         <run_address>0x4aa0</run_address>
         <size>0x30</size>
         <input_file_ref idref="fl-eb"/>
      </object_component>
      <object_component id="oc-153">
         <name>.text</name>
         <load_address>0x4ad0</load_address>
         <run_address>0x4ad0</run_address>
         <size>0x2e</size>
         <input_file_ref idref="fl-dc"/>
      </object_component>
      <object_component id="oc-359">
         <name>.text:unlink</name>
         <load_address>0x4b00</load_address>
         <run_address>0x4b00</run_address>
         <size>0x2c</size>
         <input_file_ref idref="fl-f8"/>
      </object_component>
      <object_component id="oc-368">
         <name>.text:free_list_insert</name>
         <load_address>0x4b2c</load_address>
         <run_address>0x4b2c</run_address>
         <size>0x28</size>
         <input_file_ref idref="fl-e3"/>
      </object_component>
      <object_component id="oc-3eb">
         <name>.text:write</name>
         <load_address>0x4b54</load_address>
         <run_address>0x4b54</run_address>
         <size>0x28</size>
         <input_file_ref idref="fl-f4"/>
      </object_component>
      <object_component id="oc-f0">
         <name>.text</name>
         <load_address>0x4b7c</load_address>
         <run_address>0x4b7c</run_address>
         <size>0x24</size>
         <input_file_ref idref="fl-6"/>
      </object_component>
      <object_component id="oc-85">
         <name>.text</name>
         <load_address>0x4ba0</load_address>
         <run_address>0x4ba0</run_address>
         <size>0x1c</size>
         <input_file_ref idref="fl-f"/>
      </object_component>
      <object_component id="oc-362">
         <name>.text:free_list_remove</name>
         <load_address>0x4bbc</load_address>
         <run_address>0x4bbc</run_address>
         <size>0x1c</size>
         <input_file_ref idref="fl-e3"/>
      </object_component>
      <object_component id="oc-385">
         <name>.text:copysign</name>
         <load_address>0x4bd8</load_address>
         <run_address>0x4bd8</run_address>
         <size>0x1a</size>
         <input_file_ref idref="fl-e8"/>
      </object_component>
      <object_component id="oc-2fa">
         <name>.text:strcmp</name>
         <load_address>0x4bf2</load_address>
         <run_address>0x4bf2</run_address>
         <size>0x18</size>
         <input_file_ref idref="fl-f2"/>
      </object_component>
      <object_component id="oc-42d">
         <name>.text:strchr</name>
         <load_address>0x4c0a</load_address>
         <run_address>0x4c0a</run_address>
         <size>0x16</size>
         <input_file_ref idref="fl-f1"/>
      </object_component>
      <object_component id="oc-3d0">
         <name>.text:strcpy</name>
         <load_address>0x4c20</load_address>
         <run_address>0x4c20</run_address>
         <size>0x14</size>
         <input_file_ref idref="fl-101"/>
      </object_component>
      <object_component id="oc-3b0">
         <name>.text:strlen</name>
         <load_address>0x4c34</load_address>
         <run_address>0x4c34</run_address>
         <size>0x14</size>
         <input_file_ref idref="fl-102"/>
      </object_component>
      <object_component id="oc-73">
         <name>.text</name>
         <load_address>0x4c48</load_address>
         <run_address>0x4c48</run_address>
         <size>0x12</size>
         <input_file_ref idref="fl-12"/>
      </object_component>
      <object_component id="oc-1a">
         <name>.text:decompress:none:__TI_decompress_none</name>
         <load_address>0x4c5a</load_address>
         <run_address>0x4c5a</run_address>
         <size>0xe</size>
         <input_file_ref idref="fl-de"/>
      </object_component>
      <object_component id="oc-67">
         <name>.text</name>
         <load_address>0x4c68</load_address>
         <run_address>0x4c68</run_address>
         <size>0xe</size>
         <input_file_ref idref="fl-3"/>
      </object_component>
      <object_component id="oc-49">
         <name>.text:decompress:ZI:__TI_zero_init</name>
         <load_address>0x4c76</load_address>
         <run_address>0x4c76</run_address>
         <size>0xc</size>
         <input_file_ref idref="fl-dd"/>
      </object_component>
      <object_component id="oc-2ae">
         <name>.text:__aeabi_errno_addr</name>
         <load_address>0x4c84</load_address>
         <run_address>0x4c84</run_address>
         <size>0x8</size>
         <input_file_ref idref="fl-e7"/>
      </object_component>
      <object_component id="oc-28d">
         <name>.text:malloc</name>
         <load_address>0x4c8c</load_address>
         <run_address>0x4c8c</run_address>
         <size>0x8</size>
         <input_file_ref idref="fl-e3"/>
      </object_component>
      <object_component id="oc-c1">
         <name>.text:_system_pre_init</name>
         <load_address>0x4c94</load_address>
         <run_address>0x4c94</run_address>
         <size>0x4</size>
         <input_file_ref idref="fl-ee"/>
      </object_component>
      <object_component id="oc-167">
         <name>.text:abort:abort</name>
         <load_address>0x4c98</load_address>
         <run_address>0x4c98</run_address>
         <size>0x4</size>
         <input_file_ref idref="fl-e0"/>
      </object_component>
      <object_component id="oc-2b4">
         <name>.const:$O1$$</name>
         <load_address>0x4ca0</load_address>
         <run_address>0x4ca0</run_address>
         <size>0x30</size>
         <input_file_ref idref="fl-d2"/>
      </object_component>
      <object_component id="oc-215">
         <name>.const:.string:$P$T0$4</name>
         <load_address>0x4cd0</load_address>
         <run_address>0x4cd0</run_address>
         <size>0x8</size>
         <input_file_ref idref="fl-16"/>
      </object_component>
      <object_component id="oc-480">
         <name>.cinit..data.load</name>
         <load_address>0x4cd8</load_address>
         <run_address>0x4cd8</run_address>
         <size>0x99</size>
      </object_component>
      <object_component id="oc-47e">
         <name>__TI_handler_table</name>
         <load_address>0x4d74</load_address>
         <run_address>0x4d74</run_address>
         <size>0xc</size>
      </object_component>
      <object_component id="oc-481">
         <name>.cinit..bss.load</name>
         <load_address>0x4d80</load_address>
         <run_address>0x4d80</run_address>
         <size>0x8</size>
      </object_component>
      <object_component id="oc-47f">
         <name>__TI_cinit_table</name>
         <load_address>0x4d88</load_address>
         <run_address>0x4d88</run_address>
         <size>0x10</size>
      </object_component>
      <object_component id="oc-453">
         <name>.binit</name>
         <load_address>0x0</load_address>
         <run_address>0x0</run_address>
         <size>0x0</size>
      </object_component>
      <object_component id="oc-1a5">
         <name>.data</name>
         <load_address>0x20000e50</load_address>
         <run_address>0x20000e50</run_address>
         <size>0x4</size>
         <input_file_ref idref="fl-4"/>
      </object_component>
      <object_component id="oc-1f6">
         <name>.data</name>
         <load_address>0x20000dbc</load_address>
         <run_address>0x20000dbc</run_address>
         <size>0x18</size>
         <input_file_ref idref="fl-5"/>
      </object_component>
      <object_component id="oc-10f">
         <name>.data</name>
         <load_address>0x20000e34</load_address>
         <run_address>0x20000e34</run_address>
         <size>0x8</size>
         <input_file_ref idref="fl-8"/>
      </object_component>
      <object_component id="oc-220">
         <name>.data</name>
         <load_address>0x20000de8</load_address>
         <run_address>0x20000de8</run_address>
         <size>0x10</size>
         <input_file_ref idref="fl-b"/>
      </object_component>
      <object_component id="oc-f6">
         <name>.data</name>
         <load_address>0x20000e3c</load_address>
         <run_address>0x20000e3c</run_address>
         <size>0x4</size>
         <input_file_ref idref="fl-e"/>
      </object_component>
      <object_component id="oc-162">
         <name>.data</name>
         <load_address>0x20000e08</load_address>
         <run_address>0x20000e08</run_address>
         <size>0xd</size>
         <input_file_ref idref="fl-16"/>
      </object_component>
      <object_component id="oc-207">
         <name>.data:msg1$1</name>
         <load_address>0x20000da0</load_address>
         <run_address>0x20000da0</run_address>
         <size>0x1a</size>
         <input_file_ref idref="fl-16"/>
      </object_component>
      <object_component id="oc-214">
         <name>.data:header$2</name>
         <load_address>0x20000dd4</load_address>
         <run_address>0x20000dd4</run_address>
         <size>0x11</size>
         <input_file_ref idref="fl-16"/>
      </object_component>
      <object_component id="oc-27a">
         <name>.data</name>
         <load_address>0x20000e48</load_address>
         <run_address>0x20000e48</run_address>
         <size>0x4</size>
         <input_file_ref idref="fl-d0"/>
      </object_component>
      <object_component id="oc-236">
         <name>.data:$O1$$</name>
         <load_address>0x20000e18</load_address>
         <run_address>0x20000e18</run_address>
         <size>0xc</size>
         <input_file_ref idref="fl-e0"/>
      </object_component>
      <object_component id="oc-239">
         <name>.data:$O1$$</name>
         <load_address>0x20000e24</load_address>
         <run_address>0x20000e24</run_address>
         <size>0x8</size>
         <input_file_ref idref="fl-e1"/>
      </object_component>
      <object_component id="oc-1ed">
         <name>.data:_ftable</name>
         <load_address>0x20000be8</load_address>
         <run_address>0x20000be8</run_address>
         <size>0xf0</size>
         <input_file_ref idref="fl-e2"/>
      </object_component>
      <object_component id="oc-27b">
         <name>.data</name>
         <load_address>0x20000df8</load_address>
         <run_address>0x20000df8</run_address>
         <size>0x10</size>
         <input_file_ref idref="fl-e2"/>
      </object_component>
      <object_component id="oc-3f9">
         <name>.data:$O1$$</name>
         <load_address>0x20000e2c</load_address>
         <run_address>0x20000e2c</run_address>
         <size>0x8</size>
         <input_file_ref idref="fl-e3"/>
      </object_component>
      <object_component id="oc-3e5">
         <name>.data</name>
         <load_address>0x20000e4c</load_address>
         <run_address>0x20000e4c</run_address>
         <size>0x4</size>
         <input_file_ref idref="fl-e4"/>
      </object_component>
      <object_component id="oc-26e">
         <name>.data</name>
         <load_address>0x20000e40</load_address>
         <run_address>0x20000e40</run_address>
         <size>0x4</size>
         <input_file_ref idref="fl-e5"/>
      </object_component>
      <object_component id="oc-37d">
         <name>.data</name>
         <load_address>0x20000e44</load_address>
         <run_address>0x20000e44</run_address>
         <size>0x4</size>
         <input_file_ref idref="fl-e7"/>
      </object_component>
      <object_component id="oc-26f">
         <name>.data:_device</name>
         <load_address>0x20000cd8</load_address>
         <run_address>0x20000cd8</run_address>
         <size>0x78</size>
         <input_file_ref idref="fl-f5"/>
      </object_component>
      <object_component id="oc-3e6">
         <name>.data:_stream</name>
         <load_address>0x20000d50</load_address>
         <run_address>0x20000d50</run_address>
         <size>0x50</size>
         <input_file_ref idref="fl-f5"/>
      </object_component>
      <object_component id="oc-200">
         <name>.bss</name>
         <uninitialized>true</uninitialized>
         <run_address>0x200007a8</run_address>
         <size>0x8</size>
         <input_file_ref idref="fl-b"/>
      </object_component>
      <object_component id="oc-213">
         <name>.bss:message$3</name>
         <uninitialized>true</uninitialized>
         <run_address>0x20000744</run_address>
         <size>0x64</size>
         <input_file_ref idref="fl-16"/>
      </object_component>
      <object_component id="oc-417">
         <name>.bss:_CIOBUF_</name>
         <uninitialized>true</uninitialized>
         <run_address>0x20000384</run_address>
         <size>0x120</size>
         <input_file_ref idref="fl-100"/>
      </object_component>
      <object_component id="oc-106">
         <name>.common:Messageindexc</name>
         <uninitialized>true</uninitialized>
         <run_address>0x200007cc</run_address>
         <size>0x4</size>
      </object_component>
      <object_component id="oc-103">
         <name>.common:Messagec</name>
         <uninitialized>true</uninitialized>
         <run_address>0x200007b8</run_address>
         <size>0x8</size>
      </object_component>
      <object_component id="oc-1c5">
         <name>.common:TxHistogram</name>
         <uninitialized>true</uninitialized>
         <run_address>0x200005a4</run_address>
         <size>0x100</size>
      </object_component>
      <object_component id="oc-e0">
         <name>.common:TimerA0Task</name>
         <uninitialized>true</uninitialized>
         <run_address>0x200007dc</run_address>
         <size>0x4</size>
      </object_component>
      <object_component id="oc-ec">
         <name>.common:TimerA2Task</name>
         <uninitialized>true</uninitialized>
         <run_address>0x200007e0</run_address>
         <size>0x4</size>
      </object_component>
      <object_component id="oc-1d4">
         <name>.common:Messageindexb</name>
         <uninitialized>true</uninitialized>
         <run_address>0x200007c8</run_address>
         <size>0x4</size>
      </object_component>
      <object_component id="oc-1d1">
         <name>.common:Messageb</name>
         <uninitialized>true</uninitialized>
         <run_address>0x200007b0</run_address>
         <size>0x8</size>
      </object_component>
      <object_component id="oc-108">
         <name>.common:RxPutI</name>
         <uninitialized>true</uninitialized>
         <run_address>0x200007d8</run_address>
         <size>0x4</size>
      </object_component>
      <object_component id="oc-10b">
         <name>.common:RxGetI</name>
         <uninitialized>true</uninitialized>
         <run_address>0x200007d4</run_address>
         <size>0x4</size>
      </object_component>
      <object_component id="oc-10c">
         <name>.common:RxFifoLost</name>
         <uninitialized>true</uninitialized>
         <run_address>0x200007d0</run_address>
         <size>0x4</size>
      </object_component>
      <object_component id="oc-10d">
         <name>.common:RxFIFO</name>
         <uninitialized>true</uninitialized>
         <run_address>0x200004a4</run_address>
         <size>0x100</size>
      </object_component>
      <object_component id="oc-21d">
         <name>.common:positions</name>
         <uninitialized>true</uninitialized>
         <run_address>0x20000000</run_address>
         <size>0x384</size>
      </object_component>
      <object_component id="oc-35f">
         <name>.common:__TI_tmpnams</name>
         <uninitialized>true</uninitialized>
         <run_address>0x200006a4</run_address>
         <size>0xa0</size>
      </object_component>
      <object_component id="oc-3c2">
         <name>.common:parmbuf</name>
         <uninitialized>true</uninitialized>
         <run_address>0x200007c0</run_address>
         <size>0x8</size>
      </object_component>
      <object_component id="oc-26">
         <name>.sysmem</name>
         <uninitialized>true</uninitialized>
         <run_address>0x200007e8</run_address>
         <size>0x10</size>
         <input_file_ref idref="fl-e3"/>
      </object_component>
      <object_component id="oc-483">
         <name>.sysmem</name>
         <uninitialized>true</uninitialized>
         <run_address>0x200007e8</run_address>
         <size>0x0</size>
      </object_component>
      <object_component id="oc-29">
         <name>.stack</name>
         <uninitialized>true</uninitialized>
         <run_address>0x2000fe00</run_address>
         <size>0x4</size>
         <input_file_ref idref="fl-e6"/>
      </object_component>
      <object_component id="oc-482">
         <name>.stack</name>
         <uninitialized>true</uninitialized>
         <run_address>0x2000fe00</run_address>
         <size>0x0</size>
      </object_component>
      <object_component id="oc-166">
         <name>.debug_info</name>
         <load_address>0x0</load_address>
         <run_address>0x0</run_address>
         <size>0x76f</size>
         <input_file_ref idref="fl-2"/>
      </object_component>
      <object_component id="oc-c8">
         <name>.debug_info</name>
         <load_address>0x76f</load_address>
         <run_address>0x76f</run_address>
         <size>0x3fa</size>
         <input_file_ref idref="fl-2"/>
      </object_component>
      <object_component id="oc-202">
         <name>.debug_info</name>
         <load_address>0xb69</load_address>
         <run_address>0xb69</run_address>
         <size>0x48</size>
         <input_file_ref idref="fl-2"/>
      </object_component>
      <object_component id="oc-1ab">
         <name>.debug_info</name>
         <load_address>0xbb1</load_address>
         <run_address>0xbb1</run_address>
         <size>0x37e2</size>
         <input_file_ref idref="fl-2"/>
      </object_component>
      <object_component id="oc-11a">
         <name>.debug_info</name>
         <load_address>0x4393</load_address>
         <run_address>0x4393</run_address>
         <size>0x26b</size>
         <input_file_ref idref="fl-2"/>
      </object_component>
      <object_component id="oc-1b0">
         <name>.debug_info</name>
         <load_address>0x45fe</load_address>
         <run_address>0x45fe</run_address>
         <size>0x1055</size>
         <input_file_ref idref="fl-2"/>
      </object_component>
      <object_component id="oc-32">
         <name>.debug_info</name>
         <load_address>0x5653</load_address>
         <run_address>0x5653</run_address>
         <size>0x84</size>
         <input_file_ref idref="fl-2"/>
      </object_component>
      <object_component id="oc-1b5">
         <name>.debug_info</name>
         <load_address>0x56d7</load_address>
         <run_address>0x56d7</run_address>
         <size>0x297</size>
         <input_file_ref idref="fl-2"/>
      </object_component>
      <object_component id="oc-e4">
         <name>.debug_info</name>
         <load_address>0x596e</load_address>
         <run_address>0x596e</run_address>
         <size>0xbb</size>
         <input_file_ref idref="fl-2"/>
      </object_component>
      <object_component id="oc-25d">
         <name>.debug_info</name>
         <load_address>0x5a29</load_address>
         <run_address>0x5a29</run_address>
         <size>0xcc</size>
         <input_file_ref idref="fl-2"/>
      </object_component>
      <object_component id="oc-9f">
         <name>.debug_info</name>
         <load_address>0x5af5</load_address>
         <run_address>0x5af5</run_address>
         <size>0x2d4</size>
         <input_file_ref idref="fl-3"/>
      </object_component>
      <object_component id="oc-24">
         <name>.debug_info</name>
         <load_address>0x5dc9</load_address>
         <run_address>0x5dc9</run_address>
         <size>0x100</size>
         <input_file_ref idref="fl-3"/>
      </object_component>
      <object_component id="oc-68">
         <name>.debug_info</name>
         <load_address>0x5ec9</load_address>
         <run_address>0x5ec9</run_address>
         <size>0x1c7</size>
         <input_file_ref idref="fl-3"/>
      </object_component>
      <object_component id="oc-1a6">
         <name>.debug_info</name>
         <load_address>0x6090</load_address>
         <run_address>0x6090</run_address>
         <size>0xf9</size>
         <input_file_ref idref="fl-4"/>
      </object_component>
      <object_component id="oc-da">
         <name>.debug_info</name>
         <load_address>0x6189</load_address>
         <run_address>0x6189</run_address>
         <size>0x26b</size>
         <input_file_ref idref="fl-4"/>
      </object_component>
      <object_component id="oc-1f7">
         <name>.debug_info</name>
         <load_address>0x63f4</load_address>
         <run_address>0x63f4</run_address>
         <size>0x195</size>
         <input_file_ref idref="fl-5"/>
      </object_component>
      <object_component id="oc-142">
         <name>.debug_info</name>
         <load_address>0x6589</load_address>
         <run_address>0x6589</run_address>
         <size>0x2e1</size>
         <input_file_ref idref="fl-5"/>
      </object_component>
      <object_component id="oc-f1">
         <name>.debug_info</name>
         <load_address>0x686a</load_address>
         <run_address>0x686a</run_address>
         <size>0x2a2</size>
         <input_file_ref idref="fl-6"/>
      </object_component>
      <object_component id="oc-104">
         <name>.debug_info</name>
         <load_address>0x6b0c</load_address>
         <run_address>0x6b0c</run_address>
         <size>0x68b</size>
         <input_file_ref idref="fl-7"/>
      </object_component>
      <object_component id="oc-8c">
         <name>.debug_info</name>
         <load_address>0x7197</load_address>
         <run_address>0x7197</run_address>
         <size>0xe5e</size>
         <input_file_ref idref="fl-7"/>
      </object_component>
      <object_component id="oc-110">
         <name>.debug_info</name>
         <load_address>0x7ff5</load_address>
         <run_address>0x7ff5</run_address>
         <size>0x125</size>
         <input_file_ref idref="fl-8"/>
      </object_component>
      <object_component id="oc-98">
         <name>.debug_info</name>
         <load_address>0x811a</load_address>
         <run_address>0x811a</run_address>
         <size>0x3b5</size>
         <input_file_ref idref="fl-8"/>
      </object_component>
      <object_component id="oc-113">
         <name>.debug_info</name>
         <load_address>0x84cf</load_address>
         <run_address>0x84cf</run_address>
         <size>0x8b</size>
         <input_file_ref idref="fl-8"/>
      </object_component>
      <object_component id="oc-1c6">
         <name>.debug_info</name>
         <load_address>0x855a</load_address>
         <run_address>0x855a</run_address>
         <size>0x2a9</size>
         <input_file_ref idref="fl-9"/>
      </object_component>
      <object_component id="oc-fe">
         <name>.debug_info</name>
         <load_address>0x8803</load_address>
         <run_address>0x8803</run_address>
         <size>0x43c</size>
         <input_file_ref idref="fl-9"/>
      </object_component>
      <object_component id="oc-1c8">
         <name>.debug_info</name>
         <load_address>0x8c3f</load_address>
         <run_address>0x8c3f</run_address>
         <size>0x2a9</size>
         <input_file_ref idref="fl-a"/>
      </object_component>
      <object_component id="oc-2d6">
         <name>.debug_info</name>
         <load_address>0x8ee8</load_address>
         <run_address>0x8ee8</run_address>
         <size>0x653</size>
         <input_file_ref idref="fl-b"/>
      </object_component>
      <object_component id="oc-221">
         <name>.debug_info</name>
         <load_address>0x953b</load_address>
         <run_address>0x953b</run_address>
         <size>0x115</size>
         <input_file_ref idref="fl-b"/>
      </object_component>
      <object_component id="oc-148">
         <name>.debug_info</name>
         <load_address>0x9650</load_address>
         <run_address>0x9650</run_address>
         <size>0xeb9</size>
         <input_file_ref idref="fl-b"/>
      </object_component>
      <object_component id="oc-1fb">
         <name>.debug_info</name>
         <load_address>0xa509</load_address>
         <run_address>0xa509</run_address>
         <size>0x4b4</size>
         <input_file_ref idref="fl-c"/>
      </object_component>
      <object_component id="oc-fa">
         <name>.debug_info</name>
         <load_address>0xa9bd</load_address>
         <run_address>0xa9bd</run_address>
         <size>0x5a3</size>
         <input_file_ref idref="fl-e"/>
      </object_component>
      <object_component id="oc-f7">
         <name>.debug_info</name>
         <load_address>0xaf60</load_address>
         <run_address>0xaf60</run_address>
         <size>0xf4</size>
         <input_file_ref idref="fl-e"/>
      </object_component>
      <object_component id="oc-80">
         <name>.debug_info</name>
         <load_address>0xb054</load_address>
         <run_address>0xb054</run_address>
         <size>0x291</size>
         <input_file_ref idref="fl-e"/>
      </object_component>
      <object_component id="oc-fc">
         <name>.debug_info</name>
         <load_address>0xb2e5</load_address>
         <run_address>0xb2e5</run_address>
         <size>0x555</size>
         <input_file_ref idref="fl-f"/>
      </object_component>
      <object_component id="oc-86">
         <name>.debug_info</name>
         <load_address>0xb83a</load_address>
         <run_address>0xb83a</run_address>
         <size>0x2f2</size>
         <input_file_ref idref="fl-f"/>
      </object_component>
      <object_component id="oc-e1">
         <name>.debug_info</name>
         <load_address>0xbb2c</load_address>
         <run_address>0xbb2c</run_address>
         <size>0x56a</size>
         <input_file_ref idref="fl-11"/>
      </object_component>
      <object_component id="oc-6e">
         <name>.debug_info</name>
         <load_address>0xc096</load_address>
         <run_address>0xc096</run_address>
         <size>0x233</size>
         <input_file_ref idref="fl-11"/>
      </object_component>
      <object_component id="oc-ea">
         <name>.debug_info</name>
         <load_address>0xc2c9</load_address>
         <run_address>0xc2c9</run_address>
         <size>0x56a</size>
         <input_file_ref idref="fl-12"/>
      </object_component>
      <object_component id="oc-74">
         <name>.debug_info</name>
         <load_address>0xc833</load_address>
         <run_address>0xc833</run_address>
         <size>0x22c</size>
         <input_file_ref idref="fl-12"/>
      </object_component>
      <object_component id="oc-ed">
         <name>.debug_info</name>
         <load_address>0xca5f</load_address>
         <run_address>0xca5f</run_address>
         <size>0x56a</size>
         <input_file_ref idref="fl-13"/>
      </object_component>
      <object_component id="oc-7a">
         <name>.debug_info</name>
         <load_address>0xcfc9</load_address>
         <run_address>0xcfc9</run_address>
         <size>0x233</size>
         <input_file_ref idref="fl-13"/>
      </object_component>
      <object_component id="oc-1d2">
         <name>.debug_info</name>
         <load_address>0xd1fc</load_address>
         <run_address>0xd1fc</run_address>
         <size>0x786</size>
         <input_file_ref idref="fl-14"/>
      </object_component>
      <object_component id="oc-13c">
         <name>.debug_info</name>
         <load_address>0xd982</load_address>
         <run_address>0xd982</run_address>
         <size>0x13d1</size>
         <input_file_ref idref="fl-14"/>
      </object_component>
      <object_component id="oc-1f1">
         <name>.debug_info</name>
         <load_address>0xed53</load_address>
         <run_address>0xed53</run_address>
         <size>0x2c</size>
         <input_file_ref idref="fl-14"/>
      </object_component>
      <object_component id="oc-109">
         <name>.debug_info</name>
         <load_address>0xed7f</load_address>
         <run_address>0xed7f</run_address>
         <size>0x5ca</size>
         <input_file_ref idref="fl-15"/>
      </object_component>
      <object_component id="oc-92">
         <name>.debug_info</name>
         <load_address>0xf349</load_address>
         <run_address>0xf349</run_address>
         <size>0x52b</size>
         <input_file_ref idref="fl-15"/>
      </object_component>
      <object_component id="oc-21e">
         <name>.debug_info</name>
         <load_address>0xf874</load_address>
         <run_address>0xf874</run_address>
         <size>0x7f7</size>
         <input_file_ref idref="fl-16"/>
      </object_component>
      <object_component id="oc-163">
         <name>.debug_info</name>
         <load_address>0x1006b</load_address>
         <run_address>0x1006b</run_address>
         <size>0x11a</size>
         <input_file_ref idref="fl-16"/>
      </object_component>
      <object_component id="oc-216">
         <name>.debug_info</name>
         <load_address>0x10185</load_address>
         <run_address>0x10185</run_address>
         <size>0xe0</size>
         <input_file_ref idref="fl-16"/>
      </object_component>
      <object_component id="oc-14e">
         <name>.debug_info</name>
         <load_address>0x10265</load_address>
         <run_address>0x10265</run_address>
         <size>0xd37</size>
         <input_file_ref idref="fl-16"/>
      </object_component>
      <object_component id="oc-2cf">
         <name>.debug_info</name>
         <load_address>0x10f9c</load_address>
         <run_address>0x10f9c</run_address>
         <size>0x37e2</size>
         <input_file_ref idref="fl-16"/>
      </object_component>
      <object_component id="oc-27f">
         <name>.debug_info</name>
         <load_address>0x1477e</load_address>
         <run_address>0x1477e</run_address>
         <size>0x3f6</size>
         <input_file_ref idref="fl-d0"/>
      </object_component>
      <object_component id="oc-275">
         <name>.debug_info</name>
         <load_address>0x14b74</load_address>
         <run_address>0x14b74</run_address>
         <size>0x20f</size>
         <input_file_ref idref="fl-d0"/>
      </object_component>
      <object_component id="oc-294">
         <name>.debug_info</name>
         <load_address>0x14d83</load_address>
         <run_address>0x14d83</run_address>
         <size>0x177</size>
         <input_file_ref idref="fl-d0"/>
      </object_component>
      <object_component id="oc-1e2">
         <name>.debug_info</name>
         <load_address>0x14efa</load_address>
         <run_address>0x14efa</run_address>
         <size>0x1e5</size>
         <input_file_ref idref="fl-d0"/>
      </object_component>
      <object_component id="oc-1dc">
         <name>.debug_info</name>
         <load_address>0x150df</load_address>
         <run_address>0x150df</run_address>
         <size>0x1ce</size>
         <input_file_ref idref="fl-d0"/>
      </object_component>
      <object_component id="oc-121">
         <name>.debug_info</name>
         <load_address>0x152ad</load_address>
         <run_address>0x152ad</run_address>
         <size>0x2c</size>
         <input_file_ref idref="fl-d0"/>
      </object_component>
      <object_component id="oc-348">
         <name>.debug_info</name>
         <load_address>0x152d9</load_address>
         <run_address>0x152d9</run_address>
         <size>0xb2</size>
         <input_file_ref idref="fl-d0"/>
      </object_component>
      <object_component id="oc-29a">
         <name>.debug_info</name>
         <load_address>0x1538b</load_address>
         <run_address>0x1538b</run_address>
         <size>0x375</size>
         <input_file_ref idref="fl-d1"/>
      </object_component>
      <object_component id="oc-1e8">
         <name>.debug_info</name>
         <load_address>0x15700</load_address>
         <run_address>0x15700</run_address>
         <size>0x20c</size>
         <input_file_ref idref="fl-d1"/>
      </object_component>
      <object_component id="oc-29b">
         <name>.debug_info</name>
         <load_address>0x1590c</load_address>
         <run_address>0x1590c</run_address>
         <size>0xbf</size>
         <input_file_ref idref="fl-d1"/>
      </object_component>
      <object_component id="oc-2c8">
         <name>.debug_info</name>
         <load_address>0x159cb</load_address>
         <run_address>0x159cb</run_address>
         <size>0x364</size>
         <input_file_ref idref="fl-d2"/>
      </object_component>
      <object_component id="oc-2b5">
         <name>.debug_info</name>
         <load_address>0x15d2f</load_address>
         <run_address>0x15d2f</run_address>
         <size>0x129</size>
         <input_file_ref idref="fl-d2"/>
      </object_component>
      <object_component id="oc-20e">
         <name>.debug_info</name>
         <load_address>0x15e58</load_address>
         <run_address>0x15e58</run_address>
         <size>0xbe0</size>
         <input_file_ref idref="fl-d2"/>
      </object_component>
      <object_component id="oc-392">
         <name>.debug_info</name>
         <load_address>0x16a38</load_address>
         <run_address>0x16a38</run_address>
         <size>0x46</size>
         <input_file_ref idref="fl-d2"/>
      </object_component>
      <object_component id="oc-2c3">
         <name>.debug_info</name>
         <load_address>0x16a7e</load_address>
         <run_address>0x16a7e</run_address>
         <size>0x39</size>
         <input_file_ref idref="fl-d2"/>
      </object_component>
      <object_component id="oc-37c">
         <name>.debug_info</name>
         <load_address>0x16ab7</load_address>
         <run_address>0x16ab7</run_address>
         <size>0x2cb</size>
         <input_file_ref idref="fl-d3"/>
      </object_component>
      <object_component id="oc-2a9">
         <name>.debug_info</name>
         <load_address>0x16d82</load_address>
         <run_address>0x16d82</run_address>
         <size>0x24e</size>
         <input_file_ref idref="fl-d3"/>
      </object_component>
      <object_component id="oc-38c">
         <name>.debug_info</name>
         <load_address>0x16fd0</load_address>
         <run_address>0x16fd0</run_address>
         <size>0x2fe</size>
         <input_file_ref idref="fl-d4"/>
      </object_component>
      <object_component id="oc-2bf">
         <name>.debug_info</name>
         <load_address>0x172ce</load_address>
         <run_address>0x172ce</run_address>
         <size>0x226</size>
         <input_file_ref idref="fl-d4"/>
      </object_component>
      <object_component id="oc-40e">
         <name>.debug_info</name>
         <load_address>0x174f4</load_address>
         <run_address>0x174f4</run_address>
         <size>0x39</size>
         <input_file_ref idref="fl-d4"/>
      </object_component>
      <object_component id="oc-38d">
         <name>.debug_info</name>
         <load_address>0x1752d</load_address>
         <run_address>0x1752d</run_address>
         <size>0x2c</size>
         <input_file_ref idref="fl-d4"/>
      </object_component>
      <object_component id="oc-be">
         <name>.debug_info</name>
         <load_address>0x17559</load_address>
         <run_address>0x17559</run_address>
         <size>0x148</size>
         <input_file_ref idref="fl-d5"/>
      </object_component>
      <object_component id="oc-22b">
         <name>.debug_info</name>
         <load_address>0x176a1</load_address>
         <run_address>0x176a1</run_address>
         <size>0x14d</size>
         <input_file_ref idref="fl-d6"/>
      </object_component>
      <object_component id="oc-225">
         <name>.debug_info</name>
         <load_address>0x177ee</load_address>
         <run_address>0x177ee</run_address>
         <size>0x129</size>
         <input_file_ref idref="fl-d7"/>
      </object_component>
      <object_component id="oc-2ba">
         <name>.debug_info</name>
         <load_address>0x17917</load_address>
         <run_address>0x17917</run_address>
         <size>0x12b</size>
         <input_file_ref idref="fl-d7"/>
      </object_component>
      <object_component id="oc-219">
         <name>.debug_info</name>
         <load_address>0x17a42</load_address>
         <run_address>0x17a42</run_address>
         <size>0x13b</size>
         <input_file_ref idref="fl-d8"/>
      </object_component>
      <object_component id="oc-159">
         <name>.debug_info</name>
         <load_address>0x17b7d</load_address>
         <run_address>0x17b7d</run_address>
         <size>0x13b</size>
         <input_file_ref idref="fl-d9"/>
      </object_component>
      <object_component id="oc-15e">
         <name>.debug_info</name>
         <load_address>0x17cb8</load_address>
         <run_address>0x17cb8</run_address>
         <size>0x13f</size>
         <input_file_ref idref="fl-da"/>
      </object_component>
      <object_component id="oc-209">
         <name>.debug_info</name>
         <load_address>0x17df7</load_address>
         <run_address>0x17df7</run_address>
         <size>0x12d</size>
         <input_file_ref idref="fl-db"/>
      </object_component>
      <object_component id="oc-154">
         <name>.debug_info</name>
         <load_address>0x17f24</load_address>
         <run_address>0x17f24</run_address>
         <size>0x12d</size>
         <input_file_ref idref="fl-dc"/>
      </object_component>
      <object_component id="oc-ba">
         <name>.debug_info</name>
         <load_address>0x18051</load_address>
         <run_address>0x18051</run_address>
         <size>0x2d5</size>
         <input_file_ref idref="fl-dd"/>
      </object_component>
      <object_component id="oc-4a">
         <name>.debug_info</name>
         <load_address>0x18326</load_address>
         <run_address>0x18326</run_address>
         <size>0x1b6</size>
         <input_file_ref idref="fl-dd"/>
      </object_component>
      <object_component id="oc-b5">
         <name>.debug_info</name>
         <load_address>0x184dc</load_address>
         <run_address>0x184dc</run_address>
         <size>0x46</size>
         <input_file_ref idref="fl-dd"/>
      </object_component>
      <object_component id="oc-132">
         <name>.debug_info</name>
         <load_address>0x18522</load_address>
         <run_address>0x18522</run_address>
         <size>0x2c</size>
         <input_file_ref idref="fl-dd"/>
      </object_component>
      <object_component id="oc-42">
         <name>.debug_info</name>
         <load_address>0x1854e</load_address>
         <run_address>0x1854e</run_address>
         <size>0x2a9</size>
         <input_file_ref idref="fl-de"/>
      </object_component>
      <object_component id="oc-1b">
         <name>.debug_info</name>
         <load_address>0x187f7</load_address>
         <run_address>0x187f7</run_address>
         <size>0x1eb</size>
         <input_file_ref idref="fl-de"/>
      </object_component>
      <object_component id="oc-3d">
         <name>.debug_info</name>
         <load_address>0x189e2</load_address>
         <run_address>0x189e2</run_address>
         <size>0x46</size>
         <input_file_ref idref="fl-de"/>
      </object_component>
      <object_component id="oc-ad">
         <name>.debug_info</name>
         <load_address>0x18a28</load_address>
         <run_address>0x18a28</run_address>
         <size>0x2c</size>
         <input_file_ref idref="fl-de"/>
      </object_component>
      <object_component id="oc-ab">
         <name>.debug_info</name>
         <load_address>0x18a54</load_address>
         <run_address>0x18a54</run_address>
         <size>0x29f</size>
         <input_file_ref idref="fl-df"/>
      </object_component>
      <object_component id="oc-15">
         <name>.debug_info</name>
         <load_address>0x18cf3</load_address>
         <run_address>0x18cf3</run_address>
         <size>0x251</size>
         <input_file_ref idref="fl-df"/>
      </object_component>
      <object_component id="oc-2d">
         <name>.debug_info</name>
         <load_address>0x18f44</load_address>
         <run_address>0x18f44</run_address>
         <size>0x60</size>
         <input_file_ref idref="fl-df"/>
      </object_component>
      <object_component id="oc-12b">
         <name>.debug_info</name>
         <load_address>0x18fa4</load_address>
         <run_address>0x18fa4</run_address>
         <size>0x46</size>
         <input_file_ref idref="fl-df"/>
      </object_component>
      <object_component id="oc-a6">
         <name>.debug_info</name>
         <load_address>0x18fea</load_address>
         <run_address>0x18fea</run_address>
         <size>0x39</size>
         <input_file_ref idref="fl-df"/>
      </object_component>
      <object_component id="oc-23d">
         <name>.debug_info</name>
         <load_address>0x19023</load_address>
         <run_address>0x19023</run_address>
         <size>0x3ae</size>
         <input_file_ref idref="fl-e0"/>
      </object_component>
      <object_component id="oc-237">
         <name>.debug_info</name>
         <load_address>0x193d1</load_address>
         <run_address>0x193d1</run_address>
         <size>0x191</size>
         <input_file_ref idref="fl-e0"/>
      </object_component>
      <object_component id="oc-168">
         <name>.debug_info</name>
         <load_address>0x19562</load_address>
         <run_address>0x19562</run_address>
         <size>0x123</size>
         <input_file_ref idref="fl-e0"/>
      </object_component>
      <object_component id="oc-16e">
         <name>.debug_info</name>
         <load_address>0x19685</load_address>
         <run_address>0x19685</run_address>
         <size>0x185</size>
         <input_file_ref idref="fl-e0"/>
      </object_component>
      <object_component id="oc-2e3">
         <name>.debug_info</name>
         <load_address>0x1980a</load_address>
         <run_address>0x1980a</run_address>
         <size>0x2ca</size>
         <input_file_ref idref="fl-e1"/>
      </object_component>
      <object_component id="oc-23a">
         <name>.debug_info</name>
         <load_address>0x19ad4</load_address>
         <run_address>0x19ad4</run_address>
         <size>0x11f</size>
         <input_file_ref idref="fl-e1"/>
      </object_component>
      <object_component id="oc-2dc">
         <name>.debug_info</name>
         <load_address>0x19bf3</load_address>
         <run_address>0x19bf3</run_address>
         <size>0x12f</size>
         <input_file_ref idref="fl-e1"/>
      </object_component>
      <object_component id="oc-2a2">
         <name>.debug_info</name>
         <load_address>0x19d22</load_address>
         <run_address>0x19d22</run_address>
         <size>0x145</size>
         <input_file_ref idref="fl-e2"/>
      </object_component>
      <object_component id="oc-1ee">
         <name>.debug_info</name>
         <load_address>0x19e67</load_address>
         <run_address>0x19e67</run_address>
         <size>0x103</size>
         <input_file_ref idref="fl-e2"/>
      </object_component>
      <object_component id="oc-27c">
         <name>.debug_info</name>
         <load_address>0x19f6a</load_address>
         <run_address>0x19f6a</run_address>
         <size>0x190</size>
         <input_file_ref idref="fl-e2"/>
      </object_component>
      <object_component id="oc-a2">
         <name>.debug_info</name>
         <load_address>0x1a0fa</load_address>
         <run_address>0x1a0fa</run_address>
         <size>0x3b3</size>
         <input_file_ref idref="fl-e3"/>
      </object_component>
      <object_component id="oc-27">
         <name>.debug_info</name>
         <load_address>0x1a4ad</load_address>
         <run_address>0x1a4ad</run_address>
         <size>0x10d</size>
         <input_file_ref idref="fl-e3"/>
      </object_component>
      <object_component id="oc-3fa">
         <name>.debug_info</name>
         <load_address>0x1a5ba</load_address>
         <run_address>0x1a5ba</run_address>
         <size>0x140</size>
         <input_file_ref idref="fl-e3"/>
      </object_component>
      <object_component id="oc-28e">
         <name>.debug_info</name>
         <load_address>0x1a6fa</load_address>
         <run_address>0x1a6fa</run_address>
         <size>0x169</size>
         <input_file_ref idref="fl-e3"/>
      </object_component>
      <object_component id="oc-363">
         <name>.debug_info</name>
         <load_address>0x1a863</load_address>
         <run_address>0x1a863</run_address>
         <size>0x18f</size>
         <input_file_ref idref="fl-e3"/>
      </object_component>
      <object_component id="oc-369">
         <name>.debug_info</name>
         <load_address>0x1a9f2</load_address>
         <run_address>0x1a9f2</run_address>
         <size>0x1a0</size>
         <input_file_ref idref="fl-e3"/>
      </object_component>
      <object_component id="oc-288">
         <name>.debug_info</name>
         <load_address>0x1ab92</load_address>
         <run_address>0x1ab92</run_address>
         <size>0x204</size>
         <input_file_ref idref="fl-e3"/>
      </object_component>
      <object_component id="oc-3ff">
         <name>.debug_info</name>
         <load_address>0x1ad96</load_address>
         <run_address>0x1ad96</run_address>
         <size>0x1dc</size>
         <input_file_ref idref="fl-e3"/>
      </object_component>
      <object_component id="oc-370">
         <name>.debug_info</name>
         <load_address>0x1af72</load_address>
         <run_address>0x1af72</run_address>
         <size>0x29a</size>
         <input_file_ref idref="fl-e3"/>
      </object_component>
      <object_component id="oc-126">
         <name>.debug_info</name>
         <load_address>0x1b20c</load_address>
         <run_address>0x1b20c</run_address>
         <size>0xb2</size>
         <input_file_ref idref="fl-e3"/>
      </object_component>
      <object_component id="oc-3ea">
         <name>.debug_info</name>
         <load_address>0x1b2be</load_address>
         <run_address>0x1b2be</run_address>
         <size>0x403</size>
         <input_file_ref idref="fl-e4"/>
      </object_component>
      <object_component id="oc-33e">
         <name>.debug_info</name>
         <load_address>0x1b6c1</load_address>
         <run_address>0x1b6c1</run_address>
         <size>0x246</size>
         <input_file_ref idref="fl-e4"/>
      </object_component>
      <object_component id="oc-3da">
         <name>.debug_info</name>
         <load_address>0x1b907</load_address>
         <run_address>0x1b907</run_address>
         <size>0x120</size>
         <input_file_ref idref="fl-e4"/>
      </object_component>
      <object_component id="oc-273">
         <name>.debug_info</name>
         <load_address>0x1ba27</load_address>
         <run_address>0x1ba27</run_address>
         <size>0x446</size>
         <input_file_ref idref="fl-e5"/>
      </object_component>
      <object_component id="oc-1d6">
         <name>.debug_info</name>
         <load_address>0x1be6d</load_address>
         <run_address>0x1be6d</run_address>
         <size>0x2dc</size>
         <input_file_ref idref="fl-e5"/>
      </object_component>
      <object_component id="oc-338">
         <name>.debug_info</name>
         <load_address>0x1c149</load_address>
         <run_address>0x1c149</run_address>
         <size>0xea</size>
         <input_file_ref idref="fl-e5"/>
      </object_component>
      <object_component id="oc-333">
         <name>.debug_info</name>
         <load_address>0x1c233</load_address>
         <run_address>0x1c233</run_address>
         <size>0x2c</size>
         <input_file_ref idref="fl-e5"/>
      </object_component>
      <object_component id="oc-2a">
         <name>.debug_info</name>
         <load_address>0x1c25f</load_address>
         <run_address>0x1c25f</run_address>
         <size>0x10c</size>
         <input_file_ref idref="fl-e6"/>
      </object_component>
      <object_component id="oc-56">
         <name>.debug_info</name>
         <load_address>0x1c36b</load_address>
         <run_address>0x1c36b</run_address>
         <size>0x1aa</size>
         <input_file_ref idref="fl-e6"/>
      </object_component>
      <object_component id="oc-381">
         <name>.debug_info</name>
         <load_address>0x1c515</load_address>
[...]
      </symbol>
      <symbol id="sm-521">
         <name>setvbuf</name>
         <value>0x3bd5</value>
         <object_component_ref idref="oc-1e7"/>
      </symbol>
      <symbol id="sm-5b8">
         <name>pow</name>
         <value>0xcc1</value>
         <object_component_ref idref="oc-20d"/>
      </symbol>
      <symbol id="sm-5b9">
         <name>powl</name>
         <value>0xcc1</value>
         <object_component_ref idref="oc-20d"/>
      </symbol>
      <symbol id="sm-5db">
         <name>sqrtl</name>
         <value>0x3451</value>
         <object_component_ref idref="oc-2a8"/>
      </symbol>
      <symbol id="sm-5dc">
         <name>sqrt</name>
         <value>0x3451</value>
         <object_component_ref idref="oc-2a8"/>
      </symbol>
      <symbol id="sm-603">
         <name>scalbn</name>
         <value>0x36e1</value>
         <object_component_ref idref="oc-2bc"/>
      </symbol>
      <symbol id="sm-604">
         <name>scalbnl</name>
         <value>0x36e1</value>
         <object_component_ref idref="oc-2bc"/>
      </symbol>
      <symbol id="sm-605">
         <name>ldexpl</name>
         <value>0x36e1</value>
         <object_component_ref idref="oc-2bc"/>
      </symbol>
      <symbol id="sm-606">
         <name>ldexp</name>
         <value>0x36e1</value>
         <object_component_ref idref="oc-2bc"/>
      </symbol>
      <symbol id="sm-615">
         <name>__aeabi_memset</name>
         <value>0x430b</value>
         <object_component_ref idref="oc-bb"/>
      </symbol>
      <symbol id="sm-616">
         <name>memset</name>
         <value>0x4311</value>
         <object_component_ref idref="oc-bb"/>
      </symbol>
      <symbol id="sm-617">
         <name>__aeabi_memset8</name>
         <value>0x430b</value>
         <object_component_ref idref="oc-bb"/>
      </symbol>
      <symbol id="sm-618">
         <name>__aeabi_memset4</name>
         <value>0x430b</value>
         <object_component_ref idref="oc-bb"/>
      </symbol>
      <symbol id="sm-619">
         <name>__aeabi_memclr8</name>
         <value>0x4309</value>
         <object_component_ref idref="oc-bb"/>
      </symbol>
      <symbol id="sm-61a">
         <name>__aeabi_memclr4</name>
         <value>0x4309</value>
         <object_component_ref idref="oc-bb"/>
      </symbol>
      <symbol id="sm-61b">
         <name>__aeabi_memclr</name>
         <value>0x4309</value>
         <object_component_ref idref="oc-bb"/>
      </symbol>
      <symbol id="sm-632">
         <name>__aeabi_dsub</name>
         <value>0x2f75</value>
         <object_component_ref idref="oc-228"/>
      </symbol>
      <symbol id="sm-633">
         <name>__aeabi_dadd</name>
         <value>0x2f7f</value>
         <object_component_ref idref="oc-228"/>
      </symbol>
      <symbol id="sm-655">
         <name>__aeabi_cdcmpeq</name>
         <value>0x4181</value>
         <object_component_ref idref="oc-223"/>
      </symbol>
      <symbol id="sm-656">
         <name>__aeabi_cdcmple</name>
         <value>0x4181</value>
         <object_component_ref idref="oc-223"/>
      </symbol>
      <symbol id="sm-657">
         <name>__aeabi_cdrcmple</name>
         <value>0x4207</value>
         <object_component_ref idref="oc-2b7"/>
      </symbol>
      <symbol id="sm-66b">
         <name>__aeabi_ddiv</name>
         <value>0x35a9</value>
         <object_component_ref idref="oc-218"/>
      </symbol>
      <symbol id="sm-676">
         <name>__aeabi_dmul</name>
         <value>0x38fd</value>
         <object_component_ref idref="oc-158"/>
      </symbol>
      <symbol id="sm-682">
         <name>__aeabi_d2f</name>
         <value>0x4471</value>
         <object_component_ref idref="oc-15d"/>
      </symbol>
      <symbol id="sm-68d">
         <name>__aeabi_f2d</name>
         <value>0x4961</value>
         <object_component_ref idref="oc-208"/>
      </symbol>
      <symbol id="sm-697">
         <name>__aeabi_i2d</name>
         <value>0x4ad1</value>
         <object_component_ref idref="oc-153"/>
      </symbol>
      <symbol id="sm-6ae">
         <name>__TI_zero_init</name>
         <value>0x4c77</value>
         <object_component_ref idref="oc-49"/>
      </symbol>
      <symbol id="sm-6c5">
         <name>__TI_decompress_none</name>
         <value>0x4c5b</value>
         <object_component_ref idref="oc-1a"/>
      </symbol>
      <symbol id="sm-6e8">
         <name>__TI_decompress_lzss</name>
         <value>0x45b1</value>
         <object_component_ref idref="oc-14"/>
      </symbol>
      <symbol id="sm-70e">
         <name>C$$EXIT</name>
         <value>0x4c99</value>
         <object_component_ref idref="oc-167"/>
      </symbol>
      <symbol id="sm-70f">
         <name>abort</name>
         <value>0x4c99</value>
         <object_component_ref idref="oc-167"/>
      </symbol>
      <symbol id="sm-710">
         <name>__TI_dtors_ptr</name>
         <value>0x20000e1c</value>
         <object_component_ref idref="oc-236"/>
      </symbol>
      <symbol id="sm-711">
         <name>__TI_cleanup_ptr</name>
         <value>0x20000e18</value>
         <object_component_ref idref="oc-236"/>
      </symbol>
      <symbol id="sm-712">
         <name>__TI_enable_exit_profile_output</name>
         <value>0x20000e20</value>
         <object_component_ref idref="oc-236"/>
      </symbol>
      <symbol id="sm-713">
         <name>exit</name>
         <value>0x47d1</value>
         <object_component_ref idref="oc-16d"/>
      </symbol>
      <symbol id="sm-728">
         <name>_nop</name>
         <value>0x22f3</value>
         <object_component_ref idref="oc-2db"/>
      </symbol>
      <symbol id="sm-729">
         <name>_lock</name>
         <value>0x20000e24</value>
         <object_component_ref idref="oc-239"/>
      </symbol>
      <symbol id="sm-72a">
         <name>_unlock</name>
         <value>0x20000e28</value>
         <object_component_ref idref="oc-239"/>
      </symbol>
      <symbol id="sm-73f">
         <name>__TI_tmpnams</name>
         <value>0x200006a4</value>
      </symbol>
      <symbol id="sm-740">
         <name>__aeabi_stdout</name>
         <value>0x20000e00</value>
         <object_component_ref idref="oc-27b"/>
      </symbol>
      <symbol id="sm-741">
         <name>__aeabi_stderr</name>
         <value>0x20000e04</value>
         <object_component_ref idref="oc-27b"/>
      </symbol>
      <symbol id="sm-742">
         <name>__aeabi_stdin</name>
         <value>0x20000dfc</value>
         <object_component_ref idref="oc-27b"/>
      </symbol>
      <symbol id="sm-743">
         <name>_ftable</name>
         <value>0x20000be8</value>
         <object_component_ref idref="oc-1ed"/>
      </symbol>
      <symbol id="sm-744">
         <name>__TI_ft_end</name>
         <value>0x20000df8</value>
         <object_component_ref idref="oc-27b"/>
      </symbol>
      <symbol id="sm-7c6">
         <name>_sys_memory</name>
         <value>0x200007e8</value>
         <object_component_ref idref="oc-26"/>
      </symbol>
      <symbol id="sm-7c7">
         <name>free</name>
         <value>0x3aed</value>
         <object_component_ref idref="oc-287"/>
      </symbol>
      <symbol id="sm-7c8">
         <name>memalign</name>
         <value>0x39f9</value>
         <object_component_ref idref="oc-36f"/>
      </symbol>
      <symbol id="sm-7c9">
         <name>malloc</name>
         <value>0x4c8d</value>
         <object_component_ref idref="oc-28d"/>
      </symbol>
      <symbol id="sm-7ca">
         <name>aligned_alloc</name>
         <value>0x39f9</value>
         <object_component_ref idref="oc-36f"/>
      </symbol>
      <symbol id="sm-7ec">
         <name>open</name>
         <value>0x3d81</value>
         <object_component_ref idref="oc-33d"/>
      </symbol>
      <symbol id="sm-811">
         <name>add_device</name>
         <value>0x3e3d</value>
         <object_component_ref idref="oc-1d5"/>
      </symbol>
      <symbol id="sm-824">
         <name>__stack</name>
         <value>0x2000fe00</value>
         <object_component_ref idref="oc-29"/>
      </symbol>
      <symbol id="sm-825">
         <name>_c_int00_noargs</name>
         <value>0x4a39</value>
         <object_component_ref idref="oc-55"/>
      </symbol>
      <symbol id="sm-83b">
         <name>__aeabi_errno_addr</name>
         <value>0x4c85</value>
         <object_component_ref idref="oc-2ae"/>
      </symbol>
      <symbol id="sm-83c">
         <name>errno</name>
         <value>0x20000e44</value>
         <object_component_ref idref="oc-37d"/>
      </symbol>
      <symbol id="sm-846">
         <name>copysign</name>
         <value>0x4bd9</value>
         <object_component_ref idref="oc-385"/>
      </symbol>
      <symbol id="sm-847">
         <name>copysignl</name>
         <value>0x4bd9</value>
         <object_component_ref idref="oc-385"/>
      </symbol>
      <symbol id="sm-85c">
         <name>__TI_closefile</name>
         <value>0x43fd</value>
         <object_component_ref idref="oc-280"/>
      </symbol>
      <symbol id="sm-86c">
         <name>__TI_doflush</name>
         <value>0x4785</value>
         <object_component_ref idref="oc-34d"/>
      </symbol>
      <symbol id="sm-88a">
         <name>finddevice</name>
         <value>0x4aa1</value>
         <object_component_ref idref="oc-262"/>
      </symbol>
      <symbol id="sm-88b">
         <name>getdevice</name>
         <value>0x48e5</value>
         <object_component_ref idref="oc-3df"/>
      </symbol>
      <symbol id="sm-8a6">
         <name>memcpy</name>
         <value>0x40e5</value>
         <object_component_ref idref="oc-37"/>
      </symbol>
      <symbol id="sm-8a7">
         <name>__aeabi_memcpy</name>
         <value>0x40e5</value>
         <object_component_ref idref="oc-37"/>
      </symbol>
      <symbol id="sm-8a8">
         <name>__aeabi_memcpy8</name>
         <value>0x40e5</value>
         <object_component_ref idref="oc-37"/>
      </symbol>
      <symbol id="sm-8a9">
         <name>__aeabi_memcpy4</name>
         <value>0x40e5</value>
         <object_component_ref idref="oc-37"/>
      </symbol>
      <symbol id="sm-8d1">
         <name>__TI_auto_init_nobinit_nopinit</name>
         <value>0x48a1</value>
         <object_component_ref idref="oc-173"/>
      </symbol>
      <symbol id="sm-8db">
         <name>_system_pre_init</name>
         <value>0x4c95</value>
         <object_component_ref idref="oc-c1"/>
      </symbol>
      <symbol id="sm-8ed">
         <name>strchr</name>
         <value>0x4c0b</value>
         <object_component_ref idref="oc-42d"/>
      </symbol>
      <symbol id="sm-8fc">
         <name>strcmp</name>
         <value>0x4bf3</value>
         <object_component_ref idref="oc-2fa"/>
      </symbol>
      <symbol id="sm-90c">
         <name>strncpy</name>
         <value>0x4999</value>
         <object_component_ref idref="oc-268"/>
      </symbol>
      <symbol id="sm-91c">
         <name>write</name>
         <value>0x4b55</value>
         <object_component_ref idref="oc-3eb"/>
      </symbol>
      <symbol id="sm-92d">
         <name>_stream</name>
         <value>0x20000d50</value>
         <object_component_ref idref="oc-3e6"/>
      </symbol>
      <symbol id="sm-92e">
         <name>_device</name>
         <value>0x20000cd8</value>
         <object_component_ref idref="oc-26f"/>
      </symbol>
      <symbol id="sm-943">
         <name>close</name>
         <value>0x4679</value>
         <object_component_ref idref="oc-353"/>
      </symbol>
      <symbol id="sm-953">
         <name>unlink</name>
         <value>0x4b01</value>
         <object_component_ref idref="oc-359"/>
      </symbol>
      <symbol id="sm-964">
         <name>HOSTclose</name>
         <value>0x4819</value>
         <object_component_ref idref="oc-30a"/>
      </symbol>
      <symbol id="sm-975">
         <name>HOSTlseek</name>
         <value>0x44e1</value>
         <object_component_ref idref="oc-31c"/>
      </symbol>
      <symbol id="sm-987">
         <name>parmbuf</name>
         <value>0x200007c0</value>
      </symbol>
      <symbol id="sm-988">
         <name>HOSTopen</name>
         <value>0x4619</value>
         <object_component_ref idref="oc-304"/>
      </symbol>
      <symbol id="sm-999">
         <name>HOSTread</name>
         <value>0x46d5</value>
         <object_component_ref idref="oc-310"/>
      </symbol>
      <symbol id="sm-9aa">
         <name>HOSTrename</name>
         <value>0x4549</value>
         <object_component_ref idref="oc-328"/>
      </symbol>
      <symbol id="sm-9bb">
         <name>HOSTunlink</name>
         <value>0x485d</value>
         <object_component_ref idref="oc-322"/>
      </symbol>
      <symbol id="sm-9cc">
         <name>HOSTwrite</name>
         <value>0x472d</value>
         <object_component_ref idref="oc-316"/>
      </symbol>
      <symbol id="sm-9f0">
         <name>__TI_readmsg</name>
         <value>0x4a05</value>
         <object_component_ref idref="oc-3bc"/>
      </symbol>
      <symbol id="sm-9f1">
         <name>C$$IO$$</name>
         <value>0x4957</value>
         <object_component_ref idref="oc-3b6"/>
      </symbol>
      <symbol id="sm-9f2">
         <name>__CIOBUF_</name>
         <value>0x20000384</value>
         <object_component_ref idref="oc-417"/>
      </symbol>
      <symbol id="sm-9f3">
         <name>__TI_writemsg</name>
         <value>0x4929</value>
         <object_component_ref idref="oc-3b6"/>
      </symbol>
      <symbol id="sm-a01">
         <name>strcpy</name>
         <value>0x4c21</value>
         <object_component_ref idref="oc-3d0"/>
      </symbol>
      <symbol id="sm-a0f">
         <name>strlen</name>
         <value>0x4c35</value>
         <object_component_ref idref="oc-3b0"/>
      </symbol>
      <symbol id="sm-a10">
         <name>__TI_static_base__</name>
         <value>0x0</value>
      </symbol>
      <symbol id="sm-a13">
         <name>__mpu_init</name>
         <value>0x0</value>
      </symbol>
      <symbol id="sm-a14">
         <name>_system_post_cinit</name>
         <value>0x0</value>
      </symbol>
      <symbol id="sm-a15">
         <name>NMI_Handler</name>
         <value>0x4c75</value>
      </symbol>
      <symbol id="sm-a16">
         <name>HardFault_Handler</name>
         <value>0x4c75</value>
      </symbol>
      <symbol id="sm-a17">
         <name>MemManage_Handler</name>
         <value>0x4c75</value>
      </symbol>
      <symbol id="sm-a18">
         <name>BusFault_Handler</name>
         <value>0x4c75</value>
      </symbol>
      <symbol id="sm-a19">
         <name>UsageFault_Handler</name>
         <value>0x4c75</value>
      </symbol>
      <symbol id="sm-a1a">
         <name>SVC_Handler</name>
         <value>0x4c75</value>
      </symbol>
      <symbol id="sm-a1b">
         <name>DebugMon_Handler</name>
         <value>0x4c75</value>
      </symbol>
      <symbol id="sm-a1c">
         <name>PendSV_Handler</name>
         <value>0x4c75</value>
      </symbol>
      <symbol id="sm-a1d">
         <name>SysTick_Handler</name>
         <value>0x4c75</value>
      </symbol>
      <symbol id="sm-a1e">
         <name>PSS_IRQHandler</name>
         <value>0x4c75</value>
      </symbol>
      <symbol id="sm-a1f">
         <name>CS_IRQHandler</name>
         <value>0x4c75</value>
      </symbol>
      <symbol id="sm-a20">
         <name>PCM_IRQHandler</name>
         <value>0x4c75</value>
      </symbol>
      <symbol id="sm-a21">
         <name>WDT_A_IRQHandler</name>
         <value>0x4c75</value>
      </symbol>
      <symbol id="sm-a22">
         <name>FPU_IRQHandler</name>
         <value>0x4c75</value>
      </symbol>
      <symbol id="sm-a23">
         <name>FLCTL_IRQHandler</name>
         <value>0x4c75</value>
      </symbol>
      <symbol id="sm-a24">
         <name>COMP_E0_IRQHandler</name>
         <value>0x4c75</value>
      </symbol>
      <symbol id="sm-a25">
         <name>COMP_E1_IRQHandler</name>
         <value>0x4c75</value>
      </symbol>
      <symbol id="sm-a26">
         <name>TA0_0_IRQHandler</name>
         <value>0x3f6f</value>
      </symbol>
      <symbol id="sm-a27">
         <name>TA0_N_IRQHandler</name>
         <value>0x4c75</value>
      </symbol>
      <symbol id="sm-a28">
         <name>TA1_0_IRQHandler</name>
         <value>0x4c59</value>
      </symbol>
      <symbol id="sm-a29">
         <name>TA1_N_IRQHandler</name>
         <value>0x4c75</value>
      </symbol>
      <symbol id="sm-a2a">
         <name>TA2_0_IRQHandler</name>
         <value>0x4013</value>
      </symbol>
      <symbol id="sm-a2b">
         <name>TA2_N_IRQHandler</name>
         <value>0x3d39</value>
      </symbol>
      <symbol id="sm-a2c">
         <name>TA3_0_IRQHandler</name>
         <value>0x4bb9</value>
      </symbol>
      <symbol id="sm-a2d">
         <name>TA3_N_IRQHandler</name>
         <value>0x4bbb</value>
      </symbol>
      <symbol id="sm-a2e">
         <name>EUSCIA0_IRQHandler</name>
         <value>0x1dcd</value>
      </symbol>
      <symbol id="sm-a2f">
         <name>EUSCIA1_IRQHandler</name>
         <value>0x4c75</value>
      </symbol>
      <symbol id="sm-a30">
         <name>EUSCIA2_IRQHandler</name>
         <value>0x3255</value>
      </symbol>
      <symbol id="sm-a31">
         <name>EUSCIA3_IRQHandler</name>
         <value>0x4c75</value>
      </symbol>
      <symbol id="sm-a32">
         <name>EUSCIB0_IRQHandler</name>
         <value>0x4c75</value>
      </symbol>
      <symbol id="sm-a33">
         <name>EUSCIB1_IRQHandler</name>
         <value>0x4c75</value>
      </symbol>
      <symbol id="sm-a34">
         <name>EUSCIB2_IRQHandler</name>
         <value>0x4c75</value>
      </symbol>
      <symbol id="sm-a35">
         <name>EUSCIB3_IRQHandler</name>
         <value>0x4c75</value>
      </symbol>
      <symbol id="sm-a36">
         <name>ADC14_IRQHandler</name>
         <value>0x4c75</value>
      </symbol>
      <symbol id="sm-a37">
         <name>T32_INT1_IRQHandler</name>
         <value>0x4c75</value>
      </symbol>
      <symbol id="sm-a38">
         <name>T32_INT2_IRQHandler</name>
         <value>0x4c75</value>
      </symbol>
      <symbol id="sm-a39">
         <name>T32_INTC_IRQHandler</name>
         <value>0x4c75</value>
      </symbol>
      <symbol id="sm-a3a">
         <name>AES256_IRQHandler</name>
         <value>0x4c75</value>
      </symbol>
      <symbol id="sm-a3b">
         <name>RTC_C_IRQHandler</name>
         <value>0x4c75</value>
      </symbol>
      <symbol id="sm-a3c">
         <name>DMA_ERR_IRQHandler</name>
         <value>0x4c75</value>
      </symbol>
      <symbol id="sm-a3d">
         <name>DMA_INT3_IRQHandler</name>
         <value>0x4c75</value>
      </symbol>
      <symbol id="sm-a3e">
         <name>DMA_INT2_IRQHandler</name>
         <value>0x4c75</value>
      </symbol>
      <symbol id="sm-a3f">
         <name>DMA_INT1_IRQHandler</name>
         <value>0x4c75</value>
      </symbol>
      <symbol id="sm-a40">
         <name>DMA_INT0_IRQHandler</name>
         <value>0x4c75</value>
      </symbol>
      <symbol id="sm-a41">
         <name>PORT1_IRQHandler</name>
         <value>0x4c75</value>
      </symbol>
      <symbol id="sm-a42">
         <name>PORT2_IRQHandler</name>
         <value>0x4c75</value>
      </symbol>
      <symbol id="sm-a43">
         <name>PORT3_IRQHandler</name>
         <value>0x4c75</value>
      </symbol>
      <symbol id="sm-a44">
         <name>PORT4_IRQHandler</name>
         <value>0x4c75</value>
      </symbol>
      <symbol id="sm-a45">
         <name>PORT5_IRQHandler</name>
         <value>0x2ecf</value>
      </symbol>
      <symbol id="sm-a46">
         <name>PORT6_IRQHandler</name>
         <value>0x2e79</value>
      </symbol>
      <symbol id="sm-a47">
         <name>remove</name>
         <value>0x4b01</value>
      </symbol>
   </symbol_table>
   <title>Link successful</title>
</link_info>
